Component: ARM Compiler 5.05 update 1 (build 106) Tool: armlink [4d0efa]

==============================================================================

Section Cross References

    main.o(.text) refers to stm32f10x_gpio.o(.text) for GPIO_ReadInputDataBit
    main.o(.text) refers to sensor_test.o(.text) for Move_Array
    main.o(.text) refers to stm32f10x_rcc.o(.text) for RCC_APB2PeriphClockCmd
    main.o(.text) refers to delay.o(.text) for delay_init
    main.o(.text) refers to usart.o(.text) for uart_init
    main.o(.text) refers to led.o(.text) for LED_Init
    main.o(.text) refers to key.o(.text) for KEY_Init
    main.o(.text) refers to sys.o(.text) for MY_NVIC_PriorityGroupConfig
    main.o(.text) refers to motor.o(.text) for MiniBalance_PWM_Init
    main.o(.text) refers to usartx.o(.text) for uart1_init
    main.o(.text) refers to encoder.o(.text) for Encoder_Init_TIM2
    main.o(.text) refers to stm32f10x_adc.o(.text) for ADC_SoftwareStartConvCmd
    main.o(.text) refers to timer.o(.text) for Config_TIMER
    main.o(.text) refers to check_overload.o(.text) for Init_CheckMotorParameter
    main.o(.text) refers to ioi2c.o(.text) for IIC_Init
    main.o(.text) refers to mpu6050.o(.text) for MPU6050_initialize
    main.o(.text) refers to oled.o(.text) for OLED_Init
    main.o(.text) refers to can.o(.text) for CAN1_Mode_Init
    main.o(.text) refers to exti.o(.text) for MiniBalance_EXTI_Init
    main.o(.text) refers to labyrinth.o(.text) for initialLabyrinthConfig
    main.o(.text) refers to stmflash.o(.text) for Flash_Write
    main.o(.text) refers to show.o(.text) for oled_show
    main.o(.text) refers to adc.o(.text) for Get_SampleValue
    main.o(.text) refers to main.o(.data) for Bi_zhang
    main.o(.text) refers to main.o(.bss) for adc_channel_value
    system_stm32f10x.o(.text) refers to system_stm32f10x.o(.data) for SystemCoreClock
    sensor_test.o(.text) refers to stm32f10x_gpio.o(.text) for GPIO_Init
    sensor_test.o(.text) refers to misc.o(.text) for NVIC_PriorityGroupConfig
    sensor_test.o(.text) refers to stm32f10x_rcc.o(.text) for RCC_AHBPeriphClockCmd
    sensor_test.o(.text) refers to stm32f10x_dma.o(.text) for DMA_DeInit
    sensor_test.o(.text) refers to stm32f10x_adc.o(.text) for ADC_Init
    sensor_test.o(.text) refers to dfltui.o(.text) for __aeabi_ui2d
    sensor_test.o(.text) refers to ddiv.o(.text) for __aeabi_ddiv
    sensor_test.o(.text) refers to dmul.o(.text) for __aeabi_dmul
    sensor_test.o(.text) refers to dfixui.o(.text) for __aeabi_d2uiz
    sensor_test.o(.text) refers to sensor_test.o(.bss) for DMA_InitStructure
    sensor_test.o(.text) refers to sensor_test.o(.data) for resistance
    sensor_test.o(.text) refers to sensor_test.o(.constdata) for Temp_ADC
    sensor_test.o(.text) refers to ffltui.o(.text) for __aeabi_ui2f
    sensor_test.o(.text) refers to fmul.o(.text) for __aeabi_fmul
    sensor_test.o(.text) refers to fadd.o(.text) for __aeabi_frsub
    sensor_test.o(.text) refers to ffixi.o(.text) for __aeabi_f2iz
    sensor_test.o(.text) refers to timer.o(.text) for Read_Distane
    sensor_test.o(.text) refers to dfixi.o(.text) for __aeabi_d2iz
    sensor_test.o(.text) refers to oled.o(.text) for OLED_ShowNumber
    sensor_test.o(.text) refers to main.o(.data) for Distance
    sensor_test.o(.text) refers to labyrinth.o(.data) for labCarStatus
    check_overload.o(.text) refers to dfltui.o(.text) for __aeabi_ui2d
    check_overload.o(.text) refers to dmul.o(.text) for __aeabi_dmul
    check_overload.o(.text) refers to dfixui.o(.text) for __aeabi_d2uiz
    check_overload.o(.text) refers to timer.o(.text) for GetDelayIdFunction
    check_overload.o(.text) refers to ffltui.o(.text) for __aeabi_ui2f
    check_overload.o(.text) refers to fmul.o(.text) for __aeabi_fmul
    check_overload.o(.text) refers to f2d.o(.text) for __aeabi_f2d
    check_overload.o(.text) refers to ddiv.o(.text) for __aeabi_ddiv
    check_overload.o(.text) refers to check_overload.o(.bss) for g_check_info
    check_overload.o(.text) refers to sensor_test.o(.text) for Weight_Filter
    check_overload.o(.text) refers to check_overload.o(.data) for Offset_FSM
    startup_stm32f10x_hd.o(RESET) refers to startup_stm32f10x_hd.o(STACK) for __initial_sp
    startup_stm32f10x_hd.o(RESET) refers to startup_stm32f10x_hd.o(.text) for Reset_Handler
    startup_stm32f10x_hd.o(RESET) refers to stm32f10x_it.o(.text) for NMI_Handler
    startup_stm32f10x_hd.o(RESET) refers to control.o(.text) for EXTI2_IRQHandler
    startup_stm32f10x_hd.o(RESET) refers to sensor_test.o(.text) for DMA1_Channel1_IRQHandler
    startup_stm32f10x_hd.o(RESET) refers to can.o(.text) for USB_LP_CAN1_RX0_IRQHandler
    startup_stm32f10x_hd.o(RESET) refers to encoder.o(.text) for TIM2_IRQHandler
    startup_stm32f10x_hd.o(RESET) refers to timer.o(.text) for TIM3_IRQHandler
    startup_stm32f10x_hd.o(RESET) refers to usartx.o(.text) for USART1_IRQHandler
[...]
    I2C1_EV_IRQHandler                       0x08001607   Thumb Code     0  startup_stm32f10x_hd.o(.text)
    I2C2_ER_IRQHandler                       0x08001607   Thumb Code     0  startup_stm32f10x_hd.o(.text)
    I2C2_EV_IRQHandler                       0x08001607   Thumb Code     0  startup_stm32f10x_hd.o(.text)
    PVD_IRQHandler                           0x08001607   Thumb Code     0  startup_stm32f10x_hd.o(.text)
    RCC_IRQHandler                           0x08001607   Thumb Code     0  startup_stm32f10x_hd.o(.text)
    RTCAlarm_IRQHandler                      0x08001607   Thumb Code     0  startup_stm32f10x_hd.o(.text)
    RTC_IRQHandler                           0x08001607   Thumb Code     0  startup_stm32f10x_hd.o(.text)
    SDIO_IRQHandler                          0x08001607   Thumb Code     0  startup_stm32f10x_hd.o(.text)
    SPI1_IRQHandler                          0x08001607   Thumb Code     0  startup_stm32f10x_hd.o(.text)
    SPI2_IRQHandler                          0x08001607   Thumb Code     0  startup_stm32f10x_hd.o(.text)
    SPI3_IRQHandler                          0x08001607   Thumb Code     0  startup_stm32f10x_hd.o(.text)
    TAMPER_IRQHandler                        0x08001607   Thumb Code     0  startup_stm32f10x_hd.o(.text)
    TIM1_BRK_IRQHandler                      0x08001607   Thumb Code     0  startup_stm32f10x_hd.o(.text)
    TIM1_CC_IRQHandler                       0x08001607   Thumb Code     0  startup_stm32f10x_hd.o(.text)
    TIM1_TRG_COM_IRQHandler                  0x08001607   Thumb Code     0  startup_stm32f10x_hd.o(.text)
    TIM1_UP_IRQHandler                       0x08001607   Thumb Code     0  startup_stm32f10x_hd.o(.text)
    TIM6_IRQHandler                          0x08001607   Thumb Code     0  startup_stm32f10x_hd.o(.text)
    TIM8_BRK_IRQHandler                      0x08001607   Thumb Code     0  startup_stm32f10x_hd.o(.text)
    TIM8_TRG_COM_IRQHandler                  0x08001607   Thumb Code     0  startup_stm32f10x_hd.o(.text)
    UART4_IRQHandler                         0x08001607   Thumb Code     0  startup_stm32f10x_hd.o(.text)
    UART5_IRQHandler                         0x08001607   Thumb Code     0  startup_stm32f10x_hd.o(.text)
    USART2_IRQHandler                        0x08001607   Thumb Code     0  startup_stm32f10x_hd.o(.text)
    USART3_IRQHandler                        0x08001607   Thumb Code     0  startup_stm32f10x_hd.o(.text)
    USBWakeUp_IRQHandler                     0x08001607   Thumb Code     0  startup_stm32f10x_hd.o(.text)
    USB_HP_CAN1_TX_IRQHandler                0x08001607   Thumb Code     0  startup_stm32f10x_hd.o(.text)
    WWDG_IRQHandler                          0x08001607   Thumb Code     0  startup_stm32f10x_hd.o(.text)
    NVIC_PriorityGroupConfig                 0x08001611   Thumb Code    10  misc.o(.text)
    NVIC_Init                                0x0800161b   Thumb Code   100  misc.o(.text)
    NVIC_SetVectorTable                      0x0800167f   Thumb Code    14  misc.o(.text)
    NVIC_SystemLPConfig                      0x0800168d   Thumb Code    34  misc.o(.text)
    SysTick_CLKSourceConfig                  0x080016af   Thumb Code    40  misc.o(.text)
    ADC_DeInit                               0x080016ed   Thumb Code    78  stm32f10x_adc.o(.text)
    ADC_Init                                 0x0800173b   Thumb Code    70  stm32f10x_adc.o(.text)
    ADC_StructInit                           0x08001781   Thumb Code    18  stm32f10x_adc.o(.text)
    ADC_Cmd                                  0x08001793   Thumb Code    22  stm32f10x_adc.o(.text)
    ADC_DMACmd                               0x080017a9   Thumb Code    22  stm32f10x_adc.o(.text)
    ADC_ITConfig                             0x080017bf   Thumb Code    24  stm32f10x_adc.o(.text)
    ADC_ResetCalibration                     0x080017d7   Thumb Code    10  stm32f10x_adc.o(.text)
    ADC_GetResetCalibrationStatus            0x080017e1   Thumb Code    20  stm32f10x_adc.o(.text)
    ADC_StartCalibration                     0x080017f5   Thumb Code    10  stm32f10x_adc.o(.text)
    ADC_GetCalibrationStatus                 0x080017ff   Thumb Code    20  stm32f10x_adc.o(.text)
    ADC_SoftwareStartConvCmd                 0x08001813   Thumb Code    22  stm32f10x_adc.o(.text)
    ADC_GetSoftwareStartConvStatus           0x08001829   Thumb Code    20  stm32f10x_adc.o(.text)
    ADC_DiscModeChannelCountConfig           0x0800183d   Thumb Code    24  stm32f10x_adc.o(.text)
    ADC_DiscModeCmd                          0x08001855   Thumb Code    22  stm32f10x_adc.o(.text)
    ADC_RegularChannelConfig                 0x0800186b   Thumb Code   184  stm32f10x_adc.o(.text)
    ADC_ExternalTrigConvCmd                  0x08001923   Thumb Code    22  stm32f10x_adc.o(.text)
    ADC_GetConversionValue                   0x08001939   Thumb Code     8  stm32f10x_adc.o(.text)
    ADC_GetDualModeConversionValue           0x08001941   Thumb Code     8  stm32f10x_adc.o(.text)
    ADC_AutoInjectedConvCmd                  0x08001949   Thumb Code    22  stm32f10x_adc.o(.text)
    ADC_InjectedDiscModeCmd                  0x0800195f   Thumb Code    22  stm32f10x_adc.o(.text)
    ADC_ExternalTrigInjectedConvConfig       0x08001975   Thumb Code    16  stm32f10x_adc.o(.text)
    ADC_ExternalTrigInjectedConvCmd          0x08001985   Thumb Code    22  stm32f10x_adc.o(.text)
    ADC_SoftwareStartInjectedConvCmd         0x0800199b   Thumb Code    22  stm32f10x_adc.o(.text)
    ADC_GetSoftwareStartInjectedConvCmdStatus 0x080019b1   Thumb Code    20  stm32f10x_adc.o(.text)
    ADC_InjectedChannelConfig                0x080019c5   Thumb Code   130  stm32f10x_adc.o(.text)
    ADC_InjectedSequencerLengthConfig        0x08001a47   Thumb Code    24  stm32f10x_adc.o(.text)
    ADC_SetInjectedOffset                    0x08001a5f   Thumb Code    20  stm32f10x_adc.o(.text)
    ADC_GetInjectedConversionValue           0x08001a73   Thumb Code    28  stm32f10x_adc.o(.text)
    ADC_AnalogWatchdogCmd                    0x08001a8f   Thumb Code    16  stm32f10x_adc.o(.text)
    ADC_AnalogWatchdogThresholdsConfig       0x08001a9f   Thumb Code     6  stm32f10x_adc.o(.text)
    ADC_AnalogWatchdogSingleChannelConfig    0x08001aa5   Thumb Code    16  stm32f10x_adc.o(.text)
    ADC_TempSensorVrefintCmd                 0x08001ab5   Thumb Code    64  stm32f10x_adc.o(.text)
    ADC_GetFlagStatus                        0x08001af5   Thumb Code    18  stm32f10x_adc.o(.text)
    ADC_ClearFlag                            0x08001b07   Thumb Code     6  stm32f10x_adc.o(.text)
    ADC_GetITStatus                          0x08001b0d   Thumb Code    36  stm32f10x_adc.o(.text)
    ADC_ClearITPendingBit                    0x08001b31   Thumb Code    10  stm32f10x_adc.o(.text)
    BKP_DeInit                               0x08001b3d   Thumb Code    16  stm32f10x_bkp.o(.text)
    BKP_TamperPinLevelConfig                 0x08001b4d   Thumb Code     6  stm32f10x_bkp.o(.text)
    BKP_TamperPinCmd                         0x08001b53   Thumb Code     8  stm32f10x_bkp.o(.text)
    BKP_ITConfig                             0x08001b5b   Thumb Code     8  stm32f10x_bkp.o(.text)
    BKP_RTCOutputConfig                      0x08001b63   Thumb Code    22  stm32f10x_bkp.o(.text)
    BKP_SetRTCCalibrationValue               0x08001b79   Thumb Code    22  stm32f10x_bkp.o(.text)
    BKP_WriteBackupRegister                  0x08001b8f   Thumb Code    24  stm32f10x_bkp.o(.text)
    BKP_ReadBackupRegister                   0x08001ba7   Thumb Code    26  stm32f10x_bkp.o(.text)
    BKP_GetFlagStatus                        0x08001bc1   Thumb Code    10  stm32f10x_bkp.o(.text)
    BKP_ClearFlag                            0x08001bcb   Thumb Code    18  stm32f10x_bkp.o(.text)
    BKP_GetITStatus                          0x08001bdd   Thumb Code    10  stm32f10x_bkp.o(.text)
    BKP_ClearITPendingBit                    0x08001be7   Thumb Code    18  stm32f10x_bkp.o(.text)
    DMA_DeInit                               0x08001c01   Thumb Code   324  stm32f10x_dma.o(.text)
    DMA_Init                                 0x08001d45   Thumb Code    60  stm32f10x_dma.o(.text)
    DMA_StructInit                           0x08001d81   Thumb Code    26  stm32f10x_dma.o(.text)
    DMA_Cmd                                  0x08001d9b   Thumb Code    24  stm32f10x_dma.o(.text)
    DMA_ITConfig                             0x08001db3   Thumb Code    18  stm32f10x_dma.o(.text)
    DMA_SetCurrDataCounter                   0x08001dc5   Thumb Code     4  stm32f10x_dma.o(.text)
    DMA_GetCurrDataCounter                   0x08001dc9   Thumb Code     8  stm32f10x_dma.o(.text)
    DMA_GetFlagStatus                        0x08001dd1   Thumb Code    40  stm32f10x_dma.o(.text)
    DMA_ClearFlag                            0x08001df9   Thumb Code    22  stm32f10x_dma.o(.text)
    DMA_GetITStatus                          0x08001e0f   Thumb Code    40  stm32f10x_dma.o(.text)
    DMA_ClearITPendingBit                    0x08001e37   Thumb Code    22  stm32f10x_dma.o(.text)
    EXTI_DeInit                              0x08001e55   Thumb Code    28  stm32f10x_exti.o(.text)
    EXTI_Init                                0x08001e71   Thumb Code   142  stm32f10x_exti.o(.text)
    EXTI_StructInit                          0x08001eff   Thumb Code    16  stm32f10x_exti.o(.text)
    EXTI_GenerateSWInterrupt                 0x08001f0f   Thumb Code    16  stm32f10x_exti.o(.text)
    EXTI_GetFlagStatus                       0x08001f1f   Thumb Code    22  stm32f10x_exti.o(.text)
    EXTI_ClearFlag                           0x08001f35   Thumb Code     8  stm32f10x_exti.o(.text)
    EXTI_GetITStatus                         0x08001f3d   Thumb Code    34  stm32f10x_exti.o(.text)
    EXTI_ClearITPendingBit                   0x08001f5f   Thumb Code     8  stm32f10x_exti.o(.text)
    GPIO_DeInit                              0x08001f71   Thumb Code   172  stm32f10x_gpio.o(.text)
    GPIO_AFIODeInit                          0x0800201d   Thumb Code    20  stm32f10x_gpio.o(.text)
    GPIO_Init                                0x08002031   Thumb Code   278  stm32f10x_gpio.o(.text)
    GPIO_StructInit                          0x08002147   Thumb Code    16  stm32f10x_gpio.o(.text)
    GPIO_ReadInputDataBit                    0x08002157   Thumb Code    18  stm32f10x_gpio.o(.text)
    GPIO_ReadInputData                       0x08002169   Thumb Code     8  stm32f10x_gpio.o(.text)
    GPIO_ReadOutputDataBit                   0x08002171   Thumb Code    18  stm32f10x_gpio.o(.text)
    GPIO_ReadOutputData                      0x08002183   Thumb Code     8  stm32f10x_gpio.o(.text)
    GPIO_SetBits                             0x0800218b   Thumb Code     4  stm32f10x_gpio.o(.text)
    GPIO_ResetBits                           0x0800218f   Thumb Code     4  stm32f10x_gpio.o(.text)
    GPIO_WriteBit                            0x08002193   Thumb Code    10  stm32f10x_gpio.o(.text)
    GPIO_Write                               0x0800219d   Thumb Code     4  stm32f10x_gpio.o(.text)
    GPIO_PinLockConfig                       0x080021a1   Thumb Code    18  stm32f10x_gpio.o(.text)
    GPIO_EventOutputConfig                   0x080021b3   Thumb Code    26  stm32f10x_gpio.o(.text)
    GPIO_EventOutputCmd                      0x080021cd   Thumb Code     6  stm32f10x_gpio.o(.text)
    GPIO_PinRemapConfig                      0x080021d3   Thumb Code   138  stm32f10x_gpio.o(.text)
    GPIO_EXTILineConfig                      0x0800225d   Thumb Code    66  stm32f10x_gpio.o(.text)
    GPIO_ETH_MediaInterfaceConfig            0x0800229f   Thumb Code     8  stm32f10x_gpio.o(.text)
    PWR_DeInit                               0x080022cd   Thumb Code    22  stm32f10x_pwr.o(.text)
    PWR_BackupAccessCmd                      0x080022e3   Thumb Code     6  stm32f10x_pwr.o(.text)
    PWR_PVDCmd                               0x080022e9   Thumb Code     6  stm32f10x_pwr.o(.text)
    PWR_PVDLevelConfig                       0x080022ef   Thumb Code    18  stm32f10x_pwr.o(.text)
    PWR_WakeUpPinCmd                         0x08002301   Thumb Code     8  stm32f10x_pwr.o(.text)
    PWR_EnterSTOPMode                        0x08002309   Thumb Code    54  stm32f10x_pwr.o(.text)
    PWR_EnterSTANDBYMode                     0x0800233f   Thumb Code    42  stm32f10x_pwr.o(.text)
    PWR_GetFlagStatus                        0x08002369   Thumb Code    20  stm32f10x_pwr.o(.text)
    PWR_ClearFlag                            0x0800237d   Thumb Code    14  stm32f10x_pwr.o(.text)
    RCC_DeInit                               0x08002399   Thumb Code    64  stm32f10x_rcc.o(.text)
    RCC_HSEConfig                            0x080023d9   Thumb Code    70  stm32f10x_rcc.o(.text)
    RCC_GetFlagStatus                        0x0800241f   Thumb Code    56  stm32f10x_rcc.o(.text)
    RCC_WaitForHSEStartUp                    0x08002457   Thumb Code    56  stm32f10x_rcc.o(.text)
    RCC_AdjustHSICalibrationValue            0x0800248f   Thumb Code    20  stm32f10x_rcc.o(.text)
    RCC_HSICmd                               0x080024a3   Thumb Code     6  stm32f10x_rcc.o(.text)
    RCC_PLLConfig                            0x080024a9   Thumb Code    24  stm32f10x_rcc.o(.text)
    RCC_PLLCmd                               0x080024c1   Thumb Code     6  stm32f10x_rcc.o(.text)
    RCC_SYSCLKConfig                         0x080024c7   Thumb Code    18  stm32f10x_rcc.o(.text)
    RCC_GetSYSCLKSource                      0x080024d9   Thumb Code    10  stm32f10x_rcc.o(.text)
    RCC_HCLKConfig                           0x080024e3   Thumb Code    18  stm32f10x_rcc.o(.text)
    RCC_PCLK1Config                          0x080024f5   Thumb Code    18  stm32f10x_rcc.o(.text)
    RCC_PCLK2Config                          0x08002507   Thumb Code    20  stm32f10x_rcc.o(.text)
    RCC_ITConfig                             0x0800251b   Thumb Code    26  stm32f10x_rcc.o(.text)
    RCC_USBCLKConfig                         0x08002535   Thumb Code     8  stm32f10x_rcc.o(.text)
    RCC_ADCCLKConfig                         0x0800253d   Thumb Code    18  stm32f10x_rcc.o(.text)
    RCC_LSEConfig                            0x0800254f   Thumb Code    50  stm32f10x_rcc.o(.text)
    RCC_LSICmd                               0x08002581   Thumb Code     6  stm32f10x_rcc.o(.text)
    RCC_RTCCLKConfig                         0x08002587   Thumb Code    12  stm32f10x_rcc.o(.text)
    RCC_RTCCLKCmd                            0x08002593   Thumb Code     8  stm32f10x_rcc.o(.text)
    RCC_GetClocksFreq                        0x0800259b   Thumb Code   192  stm32f10x_rcc.o(.text)
    RCC_AHBPeriphClockCmd                    0x0800265b   Thumb Code    26  stm32f10x_rcc.o(.text)
    RCC_APB2PeriphClockCmd                   0x08002675   Thumb Code    26  stm32f10x_rcc.o(.text)
    RCC_APB1PeriphClockCmd                   0x0800268f   Thumb Code    26  stm32f10x_rcc.o(.text)
    RCC_APB2PeriphResetCmd                   0x080026a9   Thumb Code    26  stm32f10x_rcc.o(.text)
    RCC_APB1PeriphResetCmd                   0x080026c3   Thumb Code    26  stm32f10x_rcc.o(.text)
    RCC_BackupResetCmd                       0x080026dd   Thumb Code     8  stm32f10x_rcc.o(.text)
    RCC_ClockSecuritySystemCmd               0x080026e5   Thumb Code     6  stm32f10x_rcc.o(.text)
    RCC_MCOConfig                            0x080026eb   Thumb Code     6  stm32f10x_rcc.o(.text)
    RCC_ClearFlag                            0x080026f1   Thumb Code    14  stm32f10x_rcc.o(.text)
    RCC_GetITStatus                          0x080026ff   Thumb Code    20  stm32f10x_rcc.o(.text)
    RCC_ClearITPendingBit                    0x08002713   Thumb Code     6  stm32f10x_rcc.o(.text)
    TIM_DeInit                               0x0800273d   Thumb Code   424  stm32f10x_tim.o(.text)
    TIM_TimeBaseInit                         0x080028e5   Thumb Code   122  stm32f10x_tim.o(.text)
    TIM_OC1Init                              0x0800295f   Thumb Code   132  stm32f10x_tim.o(.text)
    TIM_OC2Init                              0x080029e3   Thumb Code   154  stm32f10x_tim.o(.text)
    TIM_OC3Init                              0x08002a7d   Thumb Code   150  stm32f10x_tim.o(.text)
    TIM_OC4Init                              0x08002b13   Thumb Code   182  stm32f10x_tim.o(.text)
    TIM_SetIC4Prescaler                      0x08002bc9   Thumb Code    26  stm32f10x_tim.o(.text)
    TIM_SetIC3Prescaler                      0x08002c65   Thumb Code    18  stm32f10x_tim.o(.text)
    TIM_SetIC2Prescaler                      0x08002cf1   Thumb Code    26  stm32f10x_tim.o(.text)
    TIM_SetIC1Prescaler                      0x08002d8d   Thumb Code    18  stm32f10x_tim.o(.text)
    TIM_ICInit                               0x08002e0b   Thumb Code   150  stm32f10x_tim.o(.text)
    TIM_PWMIConfig                           0x08002ea1   Thumb Code   124  stm32f10x_tim.o(.text)
    TIM_BDTRConfig                           0x08002f1d   Thumb Code    32  stm32f10x_tim.o(.text)
    TIM_TimeBaseStructInit                   0x08002f3d   Thumb Code    18  stm32f10x_tim.o(.text)
    TIM_OCStructInit                         0x08002f4f   Thumb Code    20  stm32f10x_tim.o(.text)
    TIM_ICStructInit                         0x08002f63   Thumb Code    18  stm32f10x_tim.o(.text)
    TIM_BDTRStructInit                       0x08002f75   Thumb Code    40  stm32f10x_tim.o(.text)
    TIM_Cmd                                  0x08002f9d   Thumb Code    24  stm32f10x_tim.o(.text)
    TIM_CtrlPWMOutputs                       0x08002fb5   Thumb Code    30  stm32f10x_tim.o(.text)
    TIM_ITConfig                             0x08002fd3   Thumb Code    18  stm32f10x_tim.o(.text)
    TIM_GenerateEvent                        0x08002fe5   Thumb Code     4  stm32f10x_tim.o(.text)
    TIM_DMAConfig                            0x08002fe9   Thumb Code    10  stm32f10x_tim.o(.text)
    TIM_DMACmd                               0x08002ff3   Thumb Code    18  stm32f10x_tim.o(.text)
    TIM_InternalClockConfig                  0x08003005   Thumb Code    12  stm32f10x_tim.o(.text)
    TIM_SelectInputTrigger                   0x08003011   Thumb Code    18  stm32f10x_tim.o(.text)
    TIM_ITRxExternalClockConfig              0x08003023   Thumb Code    24  stm32f10x_tim.o(.text)
    TIM_TIxExternalClockConfig               0x0800303b   Thumb Code    62  stm32f10x_tim.o(.text)
    TIM_ETRConfig                            0x08003079   Thumb Code    28  stm32f10x_tim.o(.text)
    TIM_ETRClockMode1Config                  0x08003095   Thumb Code    54  stm32f10x_tim.o(.text)
    TIM_ETRClockMode2Config                  0x080030cb   Thumb Code    32  stm32f10x_tim.o(.text)
    TIM_PrescalerConfig                      0x080030eb   Thumb Code     6  stm32f10x_tim.o(.text)
    TIM_CounterModeConfig                    0x080030f1   Thumb Code    18  stm32f10x_tim.o(.text)
    TIM_EncoderInterfaceConfig               0x08003103   Thumb Code    66  stm32f10x_tim.o(.text)
    TIM_ForcedOC1Config                      0x08003145   Thumb Code    18  stm32f10x_tim.o(.text)
    TIM_ForcedOC2Config                      0x08003157   Thumb Code    26  stm32f10x_tim.o(.text)
    TIM_ForcedOC3Config                      0x08003171   Thumb Code    18  stm32f10x_tim.o(.text)
    TIM_ForcedOC4Config                      0x08003183   Thumb Code    26  stm32f10x_tim.o(.text)
    TIM_ARRPreloadConfig                     0x0800319d   Thumb Code    24  stm32f10x_tim.o(.text)
    TIM_SelectCOM                            0x080031b5   Thumb Code    24  stm32f10x_tim.o(.text)
    TIM_SelectCCDMA                          0x080031cd   Thumb Code    24  stm32f10x_tim.o(.text)
    TIM_CCPreloadControl                     0x080031e5   Thumb Code    24  stm32f10x_tim.o(.text)
    TIM_OC1PreloadConfig                     0x080031fd   Thumb Code    18  stm32f10x_tim.o(.text)
    TIM_OC2PreloadConfig                     0x0800320f   Thumb Code    26  stm32f10x_tim.o(.text)
    TIM_OC3PreloadConfig                     0x08003229   Thumb Code    18  stm32f10x_tim.o(.text)
    TIM_OC4PreloadConfig                     0x0800323b   Thumb Code    26  stm32f10x_tim.o(.text)
    TIM_OC1FastConfig                        0x08003255   Thumb Code    18  stm32f10x_tim.o(.text)
    TIM_OC2FastConfig                        0x08003267   Thumb Code    26  stm32f10x_tim.o(.text)
    TIM_OC3FastConfig                        0x08003281   Thumb Code    18  stm32f10x_tim.o(.text)
    TIM_OC4FastConfig                        0x08003293   Thumb Code    26  stm32f10x_tim.o(.text)
    TIM_ClearOC1Ref                          0x080032ad   Thumb Code    18  stm32f10x_tim.o(.text)
    TIM_ClearOC2Ref                          0x080032bf   Thumb Code    24  stm32f10x_tim.o(.text)
    TIM_ClearOC3Ref                          0x080032d7   Thumb Code    18  stm32f10x_tim.o(.text)
    TIM_ClearOC4Ref                          0x080032e9   Thumb Code    24  stm32f10x_tim.o(.text)
    TIM_OC1PolarityConfig                    0x08003301   Thumb Code    18  stm32f10x_tim.o(.text)
    TIM_OC1NPolarityConfig                   0x08003313   Thumb Code    18  stm32f10x_tim.o(.text)
    TIM_OC2PolarityConfig                    0x08003325   Thumb Code    26  stm32f10x_tim.o(.text)
    TIM_OC2NPolarityConfig                   0x0800333f   Thumb Code    26  stm32f10x_tim.o(.text)
    TIM_OC3PolarityConfig                    0x08003359   Thumb Code    26  stm32f10x_tim.o(.text)
    TIM_OC3NPolarityConfig                   0x08003373   Thumb Code    26  stm32f10x_tim.o(.text)
    TIM_OC4PolarityConfig                    0x0800338d   Thumb Code    26  stm32f10x_tim.o(.text)
    TIM_CCxCmd                               0x080033a7   Thumb Code    30  stm32f10x_tim.o(.text)
    TIM_CCxNCmd                              0x080033c5   Thumb Code    30  stm32f10x_tim.o(.text)
    TIM_SelectOCxM                           0x080033e3   Thumb Code    82  stm32f10x_tim.o(.text)
    TIM_UpdateDisableConfig                  0x08003435   Thumb Code    24  stm32f10x_tim.o(.text)
    TIM_UpdateRequestConfig                  0x0800344d   Thumb Code    24  stm32f10x_tim.o(.text)
    TIM_SelectHallSensor                     0x08003465   Thumb Code    24  stm32f10x_tim.o(.text)
    TIM_SelectOnePulseMode                   0x0800347d   Thumb Code    18  stm32f10x_tim.o(.text)
    TIM_SelectOutputTrigger                  0x0800348f   Thumb Code    18  stm32f10x_tim.o(.text)
    TIM_SelectSlaveMode                      0x080034a1   Thumb Code    18  stm32f10x_tim.o(.text)
    TIM_SelectMasterSlaveMode                0x080034b3   Thumb Code    18  stm32f10x_tim.o(.text)
    TIM_SetCounter                           0x080034c5   Thumb Code     4  stm32f10x_tim.o(.text)
    TIM_SetAutoreload                        0x080034c9   Thumb Code     4  stm32f10x_tim.o(.text)
    TIM_SetCompare1                          0x080034cd   Thumb Code     4  stm32f10x_tim.o(.text)
    TIM_SetCompare2                          0x080034d1   Thumb Code     4  stm32f10x_tim.o(.text)
    TIM_SetCompare3                          0x080034d5   Thumb Code     4  stm32f10x_tim.o(.text)
    TIM_SetCompare4                          0x080034d9   Thumb Code     6  stm32f10x_tim.o(.text)
    TIM_SetClockDivision                     0x080034df   Thumb Code    18  stm32f10x_tim.o(.text)
    TIM_GetCapture1                          0x080034f1   Thumb Code     6  stm32f10x_tim.o(.text)
    TIM_GetCapture2                          0x080034f7   Thumb Code     6  stm32f10x_tim.o(.text)
    TIM_GetCapture3                          0x080034fd   Thumb Code     6  stm32f10x_tim.o(.text)
    TIM_GetCapture4                          0x08003503   Thumb Code     8  stm32f10x_tim.o(.text)
    TIM_GetCounter                           0x0800350b   Thumb Code     6  stm32f10x_tim.o(.text)
    TIM_GetPrescaler                         0x08003511   Thumb Code     6  stm32f10x_tim.o(.text)
    TIM_GetFlagStatus                        0x08003517   Thumb Code    18  stm32f10x_tim.o(.text)
    TIM_ClearFlag                            0x08003529   Thumb Code     6  stm32f10x_tim.o(.text)
    TIM_GetITStatus                          0x0800352f   Thumb Code    34  stm32f10x_tim.o(.text)
    TIM_ClearITPendingBit                    0x08003551   Thumb Code     6  stm32f10x_tim.o(.text)
    USART_DeInit                             0x08003559   Thumb Code   134  stm32f10x_usart.o(.text)
    USART_Init                               0x080035df   Thumb Code   210  stm32f10x_usart.o(.text)
    USART_StructInit                         0x080036b1   Thumb Code    24  stm32f10x_usart.o(.text)
    USART_ClockInit                          0x080036c9   Thumb Code    34  stm32f10x_usart.o(.text)
    USART_ClockStructInit                    0x080036eb   Thumb Code    12  stm32f10x_usart.o(.text)
    USART_Cmd                                0x080036f7   Thumb Code    24  stm32f10x_usart.o(.text)
    USART_ITConfig                           0x0800370f   Thumb Code    74  stm32f10x_usart.o(.text)
    USART_DMACmd                             0x08003759   Thumb Code    18  stm32f10x_usart.o(.text)
    USART_SetAddress                         0x0800376b   Thumb Code    18  stm32f10x_usart.o(.text)
    USART_WakeUpConfig                       0x0800377d   Thumb Code    18  stm32f10x_usart.o(.text)
    USART_ReceiverWakeUpCmd                  0x0800378f   Thumb Code    24  stm32f10x_usart.o(.text)
    USART_LINBreakDetectLengthConfig         0x080037a7   Thumb Code    18  stm32f10x_usart.o(.text)
    USART_LINCmd                             0x080037b9   Thumb Code    24  stm32f10x_usart.o(.text)
    USART_SendData                           0x080037d1   Thumb Code     8  stm32f10x_usart.o(.text)
    USART_ReceiveData                        0x080037d9   Thumb Code    10  stm32f10x_usart.o(.text)
    USART_SendBreak                          0x080037e3   Thumb Code    10  stm32f10x_usart.o(.text)
    USART_SetGuardTime                       0x080037ed   Thumb Code    16  stm32f10x_usart.o(.text)
    USART_SetPrescaler                       0x080037fd   Thumb Code    16  stm32f10x_usart.o(.text)
    USART_SmartCardCmd                       0x0800380d   Thumb Code    24  stm32f10x_usart.o(.text)
    USART_SmartCardNACKCmd                   0x08003825   Thumb Code    24  stm32f10x_usart.o(.text)
    USART_HalfDuplexCmd                      0x0800383d   Thumb Code    24  stm32f10x_usart.o(.text)
    USART_OverSampling8Cmd                   0x08003855   Thumb Code    22  stm32f10x_usart.o(.text)
    USART_OneBitMethodCmd                    0x0800386b   Thumb Code    24  stm32f10x_usart.o(.text)
    USART_IrDAConfig                         0x08003883   Thumb Code    18  stm32f10x_usart.o(.text)
    USART_IrDACmd                            0x08003895   Thumb Code    24  stm32f10x_usart.o(.text)
    USART_GetFlagStatus                      0x080038ad   Thumb Code    26  stm32f10x_usart.o(.text)
    USART_ClearFlag                          0x080038c7   Thumb Code    18  stm32f10x_usart.o(.text)
    USART_GetITStatus                        0x080038d9   Thumb Code    84  stm32f10x_usart.o(.text)
    USART_ClearITPendingBit                  0x0800392d   Thumb Code    52  stm32f10x_usart.o(.text)
    delay_init                               0x08003961   Thumb Code    50  delay.o(.text)
    delay_us                                 0x08003993   Thumb Code    72  delay.o(.text)
    delay_ms                                 0x080039db   Thumb Code    72  delay.o(.text)
    _sys_exit                                0x08003a35   Thumb Code     6  usart.o(.text)
    fputc                                    0x08003a3b   Thumb Code    54  usart.o(.text)
    uart_init                                0x08003a71   Thumb Code   130  usart.o(.text)
    MY_NVIC_SetVectorTable                   0x08003b05   Thumb Code    12  sys.o(.text)
    MY_NVIC_PriorityGroupConfig              0x08003b11   Thumb Code    36  sys.o(.text)
    MY_NVIC_Init                             0x08003b35   Thumb Code   116  sys.o(.text)
    Ex_NVIC_Config                           0x08003ba9   Thumb Code   146  sys.o(.text)
    MYRCC_DeInit                             0x08003c3b   Thumb Code    90  sys.o(.text)
    Sys_Standby                              0x08003c95   Thumb Code    68  sys.o(.text)
    Sys_Soft_Reset                           0x08003cd9   Thumb Code    12  sys.o(.text)
    JTAG_Set                                 0x08003ce5   Thumb Code    42  sys.o(.text)
    Stm32_Clock_Init                         0x08003d0f   Thumb Code   134  sys.o(.text)
    LED_Init                                 0x08003dc1   Thumb Code    38  led.o(.text)
    Led_Flash                                0x08003de7   Thumb Code    44  led.o(.text)
    KEY_Init                                 0x08003e25   Thumb Code    32  key.o(.text)
    click_N_Double                           0x08003e45   Thumb Code   184  key.o(.text)
    click                                    0x08003efd   Thumb Code    38  key.o(.text)
    Long_Press                               0x08003f23   Thumb Code    72  key.o(.text)
    OLED_WR_Byte                             0x08003f95   Thumb Code    82  oled.o(.text)
    OLED_Refresh_Gram                        0x08003fe7   Thumb Code    70  oled.o(.text)
    OLED_Display_On                          0x0800402d   Thumb Code    28  oled.o(.text)
    OLED_Display_Off                         0x08004049   Thumb Code    28  oled.o(.text)
    OLED_Clear                               0x08004065   Thumb Code    42  oled.o(.text)
    OLED_DrawPoint                           0x0800408f   Thumb Code   100  oled.o(.text)
    OLED_ShowChar                            0x080040f3   Thumb Code   158  oled.o(.text)
    oled_pow                                 0x08004191   Thumb Code    22  oled.o(.text)
    OLED_ShowNumber                          0x080041a7   Thumb Code   148  oled.o(.text)
    OLED_ShowString                          0x0800423b   Thumb Code    68  oled.o(.text)
    OLED_Init                                0x0800427f   Thumb Code   324  oled.o(.text)
    Adc_Init                                 0x080043c5   Thumb Code   132  adc.o(.text)
    Get_Adc                                  0x08004449   Thumb Code     6  adc.o(.text)
    Get_SampleValue                          0x0800444f   Thumb Code     6  adc.o(.text)
    Get_battery_volt                         0x08004455   Thumb Code    70  adc.o(.text)
    TIM3_Cap_Init                            0x080044b9   Thumb Code   174  timer.o(.text)
    Read_Distane                             0x08004567   Thumb Code    94  timer.o(.text)
    TIM3_IRQHandler                          0x080045c5   Thumb Code   186  timer.o(.text)
    TIM8_Cap_Init                            0x0800467f   Thumb Code   212  timer.o(.text)
    TIM8_CC_IRQHandler                       0x08004753   Thumb Code   294  timer.o(.text)
    TIM8_UP_IRQHandler                       0x08004879   Thumb Code    12  timer.o(.text)
    Config_TIMER                             0x08004885   Thumb Code   434  timer.o(.text)
    Get_TimerInfo                            0x08004a37   Thumb Code    14  timer.o(.text)
    Timer_Register                           0x08004a45   Thumb Code   124  timer.o(.text)
    TIM5_IRQHandler                          0x08004ac1   Thumb Code    70  timer.o(.text)
    TIM7_IRQHandler                          0x08004b07   Thumb Code    68  timer.o(.text)
    DelayLoop                                0x08004b4b   Thumb Code   116  timer.o(.text)
    ConfigDelayModuleNum                     0x08004bbf   Thumb Code    22  timer.o(.text)
    GetDelayIdFunction                       0x08004bd5   Thumb Code    72  timer.o(.text)
    SetCountTime                             0x08004c1d   Thumb Code    30  timer.o(.text)
    StartDelayCount                          0x08004c3b   Thumb Code    28  timer.o(.text)
    StopDelayCount                           0x08004c57   Thumb Code    30  timer.o(.text)
    ReturnSuccess                            0x08004c75   Thumb Code    28  timer.o(.text)
    ReturnCurCount                           0x08004c91   Thumb Code    28  timer.o(.text)
    ClearDelaySucFlag                        0x08004cad   Thumb Code    42  timer.o(.text)
    MiniBalance_Motor_Init                   0x08004cf9   Thumb Code    76  motor.o(.text)
    MiniBalance_PWM_Init                     0x08004d45   Thumb Code   164  motor.o(.text)
    Encoder_Init_TIM2                        0x08004df5   Thumb Code   184  encoder.o(.text)
    Encoder_Init_TIM4                        0x08004ead   Thumb Code   178  encoder.o(.text)
    Read_Encoder                             0x08004f5f   Thumb Code    74  encoder.o(.text)
    TIM4_IRQHandler                          0x08004fa9   Thumb Code    24  encoder.o(.text)
    TIM2_IRQHandler                          0x08004fc1   Thumb Code    24  encoder.o(.text)
    IIC_Init                                 0x08004fe9   Thumb Code    40  ioi2c.o(.text)
    IIC_Start                                0x08005011   Thumb Code    96  ioi2c.o(.text)
    IIC_Stop                                 0x08005071   Thumb Code    68  ioi2c.o(.text)
    IIC_Wait_Ack                             0x080050b5   Thumb Code    96  ioi2c.o(.text)
    IIC_Ack                                  0x08005115   Thumb Code    72  ioi2c.o(.text)
    IIC_NAck                                 0x0800515d   Thumb Code    70  ioi2c.o(.text)
    IIC_Send_Byte                            0x080051a3   Thumb Code    94  ioi2c.o(.text)
    i2cWrite                                 0x08005201   Thumb Code    96  ioi2c.o(.text)
    IIC_Read_Byte                            0x08005261   Thumb Code   104  ioi2c.o(.text)
    i2cRead                                  0x080052c9   Thumb Code   118  ioi2c.o(.text)
    I2C_ReadOneByte                          0x0800533f   Thumb Code    70  ioi2c.o(.text)
    IICreadBytes                             0x08005385   Thumb Code   112  ioi2c.o(.text)
    IICwriteBytes                            0x080053f5   Thumb Code    70  ioi2c.o(.text)
    IICreadByte                              0x0800543b   Thumb Code    22  ioi2c.o(.text)
    IICwriteByte                             0x08005451   Thumb Code    20  ioi2c.o(.text)
    IICwriteBits                             0x08005465   Thumb Code   106  ioi2c.o(.text)
    IICwriteBit                              0x080054cf   Thumb Code    64  ioi2c.o(.text)
    MiniBalance_EXTI_Init                    0x08005511   Thumb Code   102  exti.o(.text)
    STMFLASH_Unlock                          0x0800557d   Thumb Code    12  stmflash.o(.text)
    STMFLASH_Lock                            0x08005589   Thumb Code    14  stmflash.o(.text)
    STMFLASH_GetStatus                       0x08005597   Thumb Code    38  stmflash.o(.text)
    STMFLASH_WaitDone                        0x080055bd   Thumb Code    42  stmflash.o(.text)
    STMFLASH_ErasePage                       0x080055e7   Thumb Code    72  stmflash.o(.text)
    STMFLASH_WriteHalfWord                   0x0800562f   Thumb Code    58  stmflash.o(.text)
    STMFLASH_ReadHalfWord                    0x08005669   Thumb Code     6  stmflash.o(.text)
    STMFLASH_Write_NoCheck                   0x0800566f   Thumb Code    38  stmflash.o(.text)
    STMFLASH_Read                            0x08005695   Thumb Code    34  stmflash.o(.text)
    STMFLASH_Write                           0x080056b7   Thumb Code   224  stmflash.o(.text)
    Test_Write                               0x08005797   Thumb Code    16  stmflash.o(.text)
    Flash_Read                               0x080057a7   Thumb Code   156  stmflash.o(.text)
    Flash_Write                              0x08005843   Thumb Code    92  stmflash.o(.text)
    uart1_init                               0x080058e5   Thumb Code   158  usartx.o(.text)
    USART1_IRQHandler                        0x08005983   Thumb Code  1068  usartx.o(.text)
    CAN1_Mode_Init                           0x08005dd1   Thumb Code   472  can.o(.text)
    CAN1_Tx_Msg                              0x08005fa9   Thumb Code   296  can.o(.text)
    CAN1_Tx_Staus                            0x080060d1   Thumb Code   144  can.o(.text)
    CAN1_Msg_Pend                            0x08006161   Thumb Code    36  can.o(.text)
    CAN1_Rx_Msg                              0x08006185   Thumb Code   248  can.o(.text)
    USB_LP_CAN1_RX0_IRQHandler               0x0800627d   Thumb Code   234  can.o(.text)
    CAN1_Send_Msg                            0x08006367   Thumb Code    66  can.o(.text)
    CAN1_Receive_Msg                         0x080063a9   Thumb Code    66  can.o(.text)
    CAN1_Send_MsgTEST                        0x080063eb   Thumb Code    66  can.o(.text)
    CAN1_Send_Num                            0x0800642d   Thumb Code    64  can.o(.text)
    CAN1_SEND                                0x0800646d   Thumb Code     2  can.o(.text)
    myabs                                    0x08006495   Thumb Code    14  control.o(.text)
    Set_Pwm                                  0x080064a3   Thumb Code    98  control.o(.text)
    Turn_Off                                 0x08006505   Thumb Code   142  control.o(.text)
    Put_Down                                 0x08006593   Thumb Code   150  control.o(.text)
    Pick_Up                                  0x08006629   Thumb Code   222  control.o(.text)
    Xianfu_Pwm                               0x08006707   Thumb Code    98  control.o(.text)
    turn                                     0x08006769   Thumb Code   502  control.o(.text)
    velocity                                 0x0800695f   Thumb Code   538  control.o(.text)
    balance                                  0x08006b79   Thumb Code    64  control.o(.text)
    Get_Angle                                0x08006bb9   Thumb Code   622  control.o(.text)
    EXTI2_IRQHandler                         0x08006e27   Thumb Code   412  control.o(.text)
    Key                                      0x08006fc3   Thumb Code    80  control.o(.text)
    Get_MC6                                  0x08007013   Thumb Code   414  control.o(.text)
    mpu_reg_dump                             0x080072c3   Thumb Code    72  inv_mpu.o(.text)
    mpu_read_reg                             0x0800730b   Thumb Code    66  inv_mpu.o(.text)
    mpu_set_int_latched                      0x0800734d   Thumb Code   102  inv_mpu.o(.text)
    mpu_set_sensors                          0x080073b3   Thumb Code   202  inv_mpu.o(.text)
    mpu_set_bypass                           0x0800747d   Thumb Code   328  inv_mpu.o(.text)
    mpu_reset_fifo                           0x080075c5   Thumb Code   444  inv_mpu.o(.text)
    mpu_configure_fifo                       0x08007781   Thumb Code   106  inv_mpu.o(.text)
    mpu_set_lpf                              0x080077eb   Thumb Code   126  inv_mpu.o(.text)
    mpu_lp_accel_mode                        0x08007869   Thumb Code   218  inv_mpu.o(.text)
    mpu_set_sample_rate                      0x08007943   Thumb Code   152  inv_mpu.o(.text)
    mpu_set_accel_fsr                        0x080079db   Thumb Code   132  inv_mpu.o(.text)
    mpu_set_gyro_fsr                         0x08007a5f   Thumb Code   132  inv_mpu.o(.text)
    mpu_init                                 0x08007ae3   Thumb Code   416  inv_mpu.o(.text)
    myget_ms                                 0x08007c83   Thumb Code     2  inv_mpu.o(.text)
    mpu_get_gyro_reg                         0x08007c85   Thumb Code   110  inv_mpu.o(.text)
    mpu_get_accel_reg                        0x08007cf3   Thumb Code   110  inv_mpu.o(.text)
    mpu_get_temperature                      0x08007d61   Thumb Code   150  inv_mpu.o(.text)
    mpu_set_accel_bias                       0x08007df7   Thumb Code   468  inv_mpu.o(.text)
    mpu_get_gyro_fsr                         0x08007fcb   Thumb Code    64  inv_mpu.o(.text)
    mpu_get_accel_fsr                        0x0800800b   Thumb Code    72  inv_mpu.o(.text)
    mpu_get_lpf                              0x08008053   Thumb Code    74  inv_mpu.o(.text)
    mpu_get_sample_rate                      0x0800809d   Thumb Code    26  inv_mpu.o(.text)
    mpu_get_compass_sample_rate              0x080080b7   Thumb Code    10  inv_mpu.o(.text)
    mpu_set_compass_sample_rate              0x080080c1   Thumb Code     8  inv_mpu.o(.text)
    mpu_get_gyro_sens                        0x080080c9   Thumb Code    58  inv_mpu.o(.text)
    mpu_get_accel_sens                       0x08008103   Thumb Code    78  inv_mpu.o(.text)
    mpu_get_fifo_config                      0x08008151   Thumb Code    12  inv_mpu.o(.text)
    mpu_get_power_state                      0x0800815d   Thumb Code    22  inv_mpu.o(.text)
    mpu_get_int_status                       0x08008173   Thumb Code    64  inv_mpu.o(.text)
    mpu_read_fifo                            0x080081b3   Thumb Code   520  inv_mpu.o(.text)
    mpu_read_fifo_stream                     0x080083bb   Thumb Code   186  inv_mpu.o(.text)
    mpu_set_int_level                        0x08008475   Thumb Code    12  inv_mpu.o(.text)
    mpu_set_dmp_state                        0x08008b55   Thumb Code   138  inv_mpu.o(.text)
    mpu_run_self_test                        0x08008bdf   Thumb Code   278  inv_mpu.o(.text)
    mpu_write_mem                            0x08008cf5   Thumb Code   122  inv_mpu.o(.text)
    mpu_read_mem                             0x08008d6f   Thumb Code   122  inv_mpu.o(.text)
    mpu_load_firmware                        0x08008de9   Thumb Code   190  inv_mpu.o(.text)
    mpu_get_dmp_state                        0x08008ea7   Thumb Code    14  inv_mpu.o(.text)
    mpu_get_compass_reg                      0x08008eb5   Thumb Code     8  inv_mpu.o(.text)
    mpu_get_compass_fsr                      0x08008ebd   Thumb Code     8  inv_mpu.o(.text)
    mpu_lp_motion_interrupt                  0x08008ec5   Thumb Code   512  inv_mpu.o(.text)
    dmp_load_motion_driver_firmware          0x080090c9   Thumb Code    20  inv_mpu_dmp_motion_driver.o(.text)
    dmp_set_orientation                      0x080090dd   Thumb Code   290  inv_mpu_dmp_motion_driver.o(.text)
    dmp_set_gyro_bias                        0x080091ff   Thumb Code   294  inv_mpu_dmp_motion_driver.o(.text)
    dmp_set_accel_bias                       0x08009325   Thumb Code   300  inv_mpu_dmp_motion_driver.o(.text)
    dmp_set_fifo_rate                        0x08009451   Thumb Code   136  inv_mpu_dmp_motion_driver.o(.text)
    dmp_get_fifo_rate                        0x080094d9   Thumb Code    12  inv_mpu_dmp_motion_driver.o(.text)
    dmp_set_tap_thresh                       0x080094e5   Thumb Code   396  inv_mpu_dmp_motion_driver.o(.text)
    dmp_set_tap_axes                         0x08009671   Thumb Code    70  inv_mpu_dmp_motion_driver.o(.text)
    dmp_set_tap_count                        0x080096b7   Thumb Code    38  inv_mpu_dmp_motion_driver.o(.text)
    dmp_set_tap_time                         0x080096dd   Thumb Code    38  inv_mpu_dmp_motion_driver.o(.text)
    dmp_set_tap_time_multi                   0x08009703   Thumb Code    38  inv_mpu_dmp_motion_driver.o(.text)
    dmp_set_shake_reject_thresh              0x08009729   Thumb Code    56  inv_mpu_dmp_motion_driver.o(.text)
    dmp_set_shake_reject_time                0x08009761   Thumb Code    38  inv_mpu_dmp_motion_driver.o(.text)
    dmp_set_shake_reject_timeout             0x08009787   Thumb Code    38  inv_mpu_dmp_motion_driver.o(.text)
    dmp_get_pedometer_step_count             0x080097ad   Thumb Code    66  inv_mpu_dmp_motion_driver.o(.text)
    dmp_set_pedometer_step_count             0x080097ef   Thumb Code    42  inv_mpu_dmp_motion_driver.o(.text)
    dmp_get_pedometer_walk_time              0x08009819   Thumb Code    72  inv_mpu_dmp_motion_driver.o(.text)
    dmp_set_pedometer_walk_time              0x08009861   Thumb Code    48  inv_mpu_dmp_motion_driver.o(.text)
    dmp_enable_6x_lp_quat                    0x08009891   Thumb Code    84  inv_mpu_dmp_motion_driver.o(.text)
    dmp_enable_lp_quat                       0x080098e5   Thumb Code    60  inv_mpu_dmp_motion_driver.o(.text)
    dmp_enable_gyro_cal                      0x08009921   Thumb Code    62  inv_mpu_dmp_motion_driver.o(.text)
    dmp_enable_feature                       0x0800995f   Thumb Code   530  inv_mpu_dmp_motion_driver.o(.text)
    dmp_get_enabled_features                 0x08009b71   Thumb Code    12  inv_mpu_dmp_motion_driver.o(.text)
    dmp_set_interrupt_mode                   0x08009bdb   Thumb Code    66  inv_mpu_dmp_motion_driver.o(.text)
    dmp_read_fifo                            0x08009c1d   Thumb Code   514  inv_mpu_dmp_motion_driver.o(.text)
    dmp_register_tap_cb                      0x08009e1f   Thumb Code    10  inv_mpu_dmp_motion_driver.o(.text)
    dmp_register_android_orient_cb           0x08009e29   Thumb Code    10  inv_mpu_dmp_motion_driver.o(.text)
    Kalman_Filter                            0x08009e39   Thumb Code   558  filter.o(.text)
    Yijielvbo                                0x0800a067   Thumb Code   132  filter.o(.text)
    MPU6050_newValues                        0x0800a24d   Thumb Code   494  mpu6050.o(.text)
    MPU6050_setClockSource                   0x0800a43b   Thumb Code    20  mpu6050.o(.text)
    MPU6050_setFullScaleGyroRange            0x0800a44f   Thumb Code    20  mpu6050.o(.text)
    MPU6050_setFullScaleAccelRange           0x0800a463   Thumb Code    20  mpu6050.o(.text)
    MPU6050_setSleepEnabled                  0x0800a477   Thumb Code    18  mpu6050.o(.text)
    MPU6050_getDeviceID                      0x0800a489   Thumb Code    20  mpu6050.o(.text)
    MPU6050_testConnection                   0x0800a49d   Thumb Code    18  mpu6050.o(.text)
    MPU6050_setI2CMasterModeEnabled          0x0800a4af   Thumb Code    18  mpu6050.o(.text)
    MPU6050_setI2CBypassEnabled              0x0800a4c1   Thumb Code    18  mpu6050.o(.text)
    MPU6050_initialize                       0x0800a4d3   Thumb Code    40  mpu6050.o(.text)
    DMP_Init                                 0x0800a4fb   Thumb Code   202  mpu6050.o(.text)
    Read_DMP                                 0x0800a5c5   Thumb Code   806  mpu6050.o(.text)
    Read_Temperature                         0x0800a8eb   Thumb Code   110  mpu6050.o(.text)
    oled_show                                0x0800a985   Thumb Code   398  show.o(.text)
    APP_Show                                 0x0800ab13   Thumb Code   312  show.o(.text)
    DataScope                                0x0800ac4b   Thumb Code   136  show.o(.text)
    Float2Byte                               0x0800adb1   Thumb Code    28  datascope_dp.o(.text)
    DataScope_Get_Channel_Data               0x0800adcd   Thumb Code   158  datascope_dp.o(.text)
    DataScope_Data_Generate                  0x0800ae6b   Thumb Code   148  datascope_dp.o(.text)
    initialLabyrinthConfig                   0x0800af05   Thumb Code    34  labyrinth.o(.text)
    pulseCount2Distance                      0x0800af27   Thumb Code    30  labyrinth.o(.text)
    distance2PulseCount                      0x0800af45   Thumb Code    30  labyrinth.o(.text)
    GetPulseAngle                            0x0800af63   Thumb Code    42  labyrinth.o(.text)
    calcPulseForTurnSemiCircle               0x0800af8d   Thumb Code    14  labyrinth.o(.text)
    calcPulseForTurnRound                    0x0800af9b   Thumb Code    14  labyrinth.o(.text)
    CheckMovingForwardIsEnd                  0x0800afa9   Thumb Code    28  labyrinth.o(.text)
    clearRememberParams                      0x0800afc5   Thumb Code    20  labyrinth.o(.text)
    carMoveTurnLeft                          0x0800afd9   Thumb Code    24  labyrinth.o(.text)
    carMoveForward                           0x0800aff1   Thumb Code    24  labyrinth.o(.text)
    CheckTurningIsEnd                        0x0800b009   Thumb Code   234  labyrinth.o(.text)
    labyrinthAlgorithmMain                   0x0800b0f3   Thumb Code   172  labyrinth.o(.text)
    __aeabi_ldivmod                          0x0800b1f5   Thumb Code    98  ldiv.o(.text)
    __aeabi_memset                           0x0800b257   Thumb Code    14  memseta.o(.text)
    __aeabi_memset4                          0x0800b257   Thumb Code     0  memseta.o(.text)
    __aeabi_memset8                          0x0800b257   Thumb Code     0  memseta.o(.text)
    __aeabi_memclr                           0x0800b265   Thumb Code     4  memseta.o(.text)
    __aeabi_memclr4                          0x0800b265   Thumb Code     0  memseta.o(.text)
    __aeabi_memclr8                          0x0800b265   Thumb Code     0  memseta.o(.text)
    _memset$wrapper                          0x0800b269   Thumb Code    18  memseta.o(.text)
    memcmp                                   0x0800b27b   Thumb Code    26  memcmp.o(.text)
    __aeabi_fadd                             0x0800b295   Thumb Code   164  fadd.o(.text)
    __aeabi_fsub                             0x0800b339   Thumb Code     6  fadd.o(.text)
    __aeabi_frsub                            0x0800b33f   Thumb Code     6  fadd.o(.text)
    __aeabi_fmul                             0x0800b345   Thumb Code   100  fmul.o(.text)
    __aeabi_fdiv                             0x0800b3a9   Thumb Code   124  fdiv.o(.text)
    __aeabi_dadd                             0x0800b425   Thumb Code   322  dadd.o(.text)
    __aeabi_dsub                             0x0800b567   Thumb Code     6  dadd.o(.text)
    __aeabi_drsub                            0x0800b56d   Thumb Code     6  dadd.o(.text)
    __aeabi_dmul                             0x0800b573   Thumb Code   228  dmul.o(.text)
    __aeabi_ddiv                             0x0800b657   Thumb Code   222  ddiv.o(.text)
    __aeabi_i2f                              0x0800b735   Thumb Code    18  fflti.o(.text)
    __aeabi_ui2f                             0x0800b747   Thumb Code    10  ffltui.o(.text)
    __aeabi_i2d                              0x0800b751   Thumb Code    34  dflti.o(.text)
    __aeabi_ui2d                             0x0800b773   Thumb Code    26  dfltui.o(.text)
    __aeabi_f2iz                             0x0800b78d   Thumb Code    50  ffixi.o(.text)
    __aeabi_f2uiz                            0x0800b7bf   Thumb Code    40  ffixui.o(.text)
    __aeabi_d2iz                             0x0800b7e7   Thumb Code    62  dfixi.o(.text)
    __aeabi_d2uiz                            0x0800b825   Thumb Code    50  dfixui.o(.text)
    __aeabi_f2d                              0x0800b857   Thumb Code    38  f2d.o(.text)
    __aeabi_cdcmpeq                          0x0800b87d   Thumb Code     0  cdcmple.o(.text)
    __aeabi_cdcmple                          0x0800b87d   Thumb Code    48  cdcmple.o(.text)
    __aeabi_d2f                              0x0800b8ad   Thumb Code    56  d2f.o(.text)
    __aeabi_cfcmpeq                          0x0800b8e5   Thumb Code     0  cfcmple.o(.text)
    __aeabi_cfcmple                          0x0800b8e5   Thumb Code    20  cfcmple.o(.text)
    __aeabi_cfrcmple                         0x0800b8f9   Thumb Code    20  cfrcmple.o(.text)
    __aeabi_uidiv                            0x0800b90d   Thumb Code     0  uidiv.o(.text)
    __aeabi_uidivmod                         0x0800b90d   Thumb Code    44  uidiv.o(.text)
    __aeabi_uldivmod                         0x0800b939   Thumb Code    98  uldiv.o(.text)
    __aeabi_llsl                             0x0800b99b   Thumb Code    30  llshl.o(.text)
    _ll_shift_l                              0x0800b99b   Thumb Code     0  llshl.o(.text)
    __aeabi_llsr                             0x0800b9b9   Thumb Code    32  llushr.o(.text)
    _ll_ushift_r                             0x0800b9b9   Thumb Code     0  llushr.o(.text)
    __aeabi_lasr                             0x0800b9d9   Thumb Code    36  llsshr.o(.text)
    _ll_sshift_r                             0x0800b9d9   Thumb Code     0  llsshr.o(.text)
    __I$use$fp                               0x0800b9fd   Thumb Code     0  iusefp.o(.text)
    _float_round                             0x0800b9fd   Thumb Code    18  fepilogue.o(.text)
    _float_epilogue                          0x0800ba0f   Thumb Code    92  fepilogue.o(.text)
    _double_round                            0x0800ba6b   Thumb Code    30  depilogue.o(.text)
    _double_epilogue                         0x0800ba89   Thumb Code   156  depilogue.o(.text)
    __ARM_scalbn                             0x0800bb25   Thumb Code    46  dscalb.o(.text)
    scalbn                                   0x0800bb25   Thumb Code     0  dscalb.o(.text)
    __aeabi_cdrcmple                         0x0800bb55   Thumb Code    48  cdrcmple.o(.text)
    __scatterload                            0x0800bb85   Thumb Code    28  init.o(.text)
    __scatterload_rt2                        0x0800bb85   Thumb Code     0  init.o(.text)
    _dsqrt                                   0x0800bba9   Thumb Code   162  dsqrt.o(.text)
    __decompress                             0x0800bc4b   Thumb Code     0  __dczerorl2.o(.text)
    __decompress1                            0x0800bc4b   Thumb Code    86  __dczerorl2.o(.text)
    __0printf$1                              0x0800bca1   Thumb Code    22  printf1.o(i.__0printf$1)
    __1printf$1                              0x0800bca1   Thumb Code     0  printf1.o(i.__0printf$1)
    __2printf                                0x0800bca1   Thumb Code     0  printf1.o(i.__0printf$1)
    __ARM_fpclassify                         0x0800bcc1   Thumb Code    40  fpclassify.o(i.__ARM_fpclassify)
    __kernel_poly                            0x0800bce9   Thumb Code   170  poly.o(i.__kernel_poly)
    __mathlib_dbl_divzero                    0x0800bd95   Thumb Code    12  dunder.o(i.__mathlib_dbl_divzero)
    __mathlib_dbl_infnan                     0x0800bda5   Thumb Code     6  dunder.o(i.__mathlib_dbl_infnan)
    __mathlib_dbl_infnan2                    0x0800bdab   Thumb Code     4  dunder.o(i.__mathlib_dbl_infnan2)
    __mathlib_dbl_invalid                    0x0800bdaf   Thumb Code    12  dunder.o(i.__mathlib_dbl_invalid)
    __mathlib_dbl_overflow                   0x0800bdbb   Thumb Code    14  dunder.o(i.__mathlib_dbl_overflow)
    __mathlib_dbl_underflow                  0x0800bdc9   Thumb Code    10  dunder.o(i.__mathlib_dbl_underflow)
    __scatterload_copy                       0x0800bdd9   Thumb Code    14  handlers.o(i.__scatterload_copy)
    __scatterload_null                       0x0800bde7   Thumb Code     2  handlers.o(i.__scatterload_null)
    __scatterload_zeroinit                   0x0800bde9   Thumb Code    14  handlers.o(i.__scatterload_zeroinit)
    __set_errno                              0x0800bdf9   Thumb Code     6  errno.o(i.__set_errno)
    asin                                     0x0800bf59   Thumb Code   572  asin.o(i.asin)
    atan                                     0x0800c1c9   Thumb Code   474  atan.o(i.atan)
    atan2                                    0x0800c3e9   Thumb Code   346  atan2.o(i.atan2)
    pow                                      0x0800c569   Thumb Code  2478  pow.o(i.pow)
    sqrt                                     0x0800cf21   Thumb Code    76  sqrt.o(i.sqrt)
    Temp_ADC                                 0x0800cf6c   Data         544  sensor_test.o(.constdata)
    oled_asc2_1206                           0x0800d18c   Data        1140  oled.o(.constdata)
    oled_asc2_1608                           0x0800d600   Data        1520  oled.o(.constdata)
    hw                                       0x0800dbf0   Data          12  inv_mpu.o(.constdata)
    reg                                      0x0800dbfc   Data          27  inv_mpu.o(.constdata)
    test                                     0x0800dc18   Data          40  inv_mpu.o(.constdata)
    __mathlib_zero                           0x0800e9a8   Data           8  qnan.o(.constdata)
    Region$$Table$$Base                      0x0800ea00   Number         0  anon$$obj.o(Region$$Table)
    Region$$Table$$Limit                     0x0800ea20   Number         0  anon$$obj.o(Region$$Table)
    Way_Angle                                0x20000000   Data           1  main.o(.data)
    Flag_Qian                                0x20000001   Data           1  main.o(.data)
    Flag_Hou                                 0x20000002   Data           1  main.o(.data)
    Flag_Left                                0x20000003   Data           1  main.o(.data)
    Flag_Right                               0x20000004   Data           1  main.o(.data)
    Flag_sudu                                0x20000005   Data           1  main.o(.data)
    Flag_Stop                                0x20000006   Data           1  main.o(.data)
    Flag_Show                                0x20000007   Data           1  main.o(.data)
    Flag_Hover                               0x20000008   Data           1  main.o(.data)
    Encoder_Left                             0x2000000c   Data           4  main.o(.data)
    Encoder_Right                            0x20000010   Data           4  main.o(.data)
    Moto1                                    0x20000014   Data           4  main.o(.data)
    Moto2                                    0x20000018   Data           4  main.o(.data)
    Temperature                              0x2000001c   Data           4  main.o(.data)
    Voltage                                  0x20000020   Data           4  main.o(.data)
    Angle_Balance                            0x20000024   Data           4  main.o(.data)
    Gyro_Balance                             0x20000028   Data           4  main.o(.data)
    Gyro_Turn                                0x2000002c   Data           4  main.o(.data)
    Show_Data_Mb                             0x20000030   Data           4  main.o(.data)
    Distance                                 0x20000034   Data           4  main.o(.data)
    delay_50                                 0x20000038   Data           1  main.o(.data)
    delay_flag                               0x20000039   Data           1  main.o(.data)
    Bi_zhang                                 0x2000003a   Data           1  main.o(.data)
    PID_Send                                 0x2000003b   Data           1  main.o(.data)
    Flash_Send                               0x2000003c   Data           1  main.o(.data)
    Acceleration_Z                           0x20000040   Data           4  main.o(.data)
    Balance_Kp                               0x20000044   Data           4  main.o(.data)
    Balance_Kd                               0x20000048   Data           4  main.o(.data)
    Velocity_Kp                              0x2000004c   Data           4  main.o(.data)
    Velocity_Ki                              0x20000050   Data           4  main.o(.data)
    Zhongzhi                                 0x20000054   Data           4  main.o(.data)
    Remoter_Ch1                              0x20000058   Data           4  main.o(.data)
    Remoter_Ch2                              0x2000005c   Data           4  main.o(.data)
    carMoveDirect                            0x20000060   Data           1  main.o(.data)
    SystemCoreClock                          0x20000064   Data           4  system_stm32f10x.o(.data)
    AHBPrescTable                            0x20000068   Data          16  system_stm32f10x.o(.data)
    g_temp                                   0x20000078   Data           4  sensor_test.o(.data)
    resistance                               0x2000007c   Data           2  sensor_test.o(.data)
    g_check_temperature                      0x20000080   Data           4  sensor_test.o(.data)
    g_infrared_distance                      0x20000084   Data           2  sensor_test.o(.data)
    g_distance_adc                           0x20000086   Data           2  sensor_test.o(.data)
    k1                                       0x20000088   Data           4  sensor_test.o(.data)
    b1                                       0x2000008c   Data           4  sensor_test.o(.data)
    k2                                       0x20000090   Data           4  sensor_test.o(.data)
    b2                                       0x20000094   Data           4  sensor_test.o(.data)
    k3                                       0x20000098   Data           4  sensor_test.o(.data)
    b3                                       0x2000009c   Data           4  sensor_test.o(.data)
    k4                                       0x200000a0   Data           4  sensor_test.o(.data)
    b4                                       0x200000a4   Data           4  sensor_test.o(.data)
    d                                        0x200000a8   Data           4  sensor_test.o(.data)
    ultrasonicDistance                       0x200000ac   Data           4  sensor_test.o(.data)
    g_piez_value                             0x200000b0   Data           4  sensor_test.o(.data)
    g_piez_temp                              0x200000b4   Data           4  sensor_test.o(.data)
    g_weight_init                            0x200000b8   Data           4  sensor_test.o(.data)
    weight                                   0x200000bc   Data           4  sensor_test.o(.data)
    __stdout                                 0x200000e0   Data           4  usart.o(.data)
    g_system_voltage                         0x200000f6   Data           2  adc.o(.data)
    TIM3CH3_CAPTURE_STA                      0x200000f8   Data           2  timer.o(.data)
    TIM3CH3_CAPTURE_VAL                      0x200000fa   Data           2  timer.o(.data)
    TIM8CH1_CAPTURE_STA                      0x200000fc   Data           1  timer.o(.data)
    TIM8CH1_CAPTURE_UPVAL                    0x200000fe   Data           2  timer.o(.data)
    TIM8CH1_CAPTURE_DOWNVAL                  0x20000100   Data           2  timer.o(.data)
    TIM8CH2_CAPTURE_STA                      0x20000102   Data           1  timer.o(.data)
    TIM8CH2_CAPTURE_UPVAL                    0x20000104   Data           2  timer.o(.data)
    TIM8CH2_CAPTURE_DOWNVAL                  0x20000106   Data           2  timer.o(.data)
    TIM8CH3_CAPTURE_STA                      0x20000108   Data           1  timer.o(.data)
    TIM8CH3_CAPTURE_UPVAL                    0x2000010a   Data           2  timer.o(.data)
    TIM8CH3_CAPTURE_DOWNVAL                  0x2000010c   Data           2  timer.o(.data)
    TIM8CH4_CAPTURE_STA                      0x2000010e   Data           1  timer.o(.data)
    TIM8CH4_CAPTURE_UPVAL                    0x20000110   Data           2  timer.o(.data)
    TIM8CH4_CAPTURE_DOWNVAL                  0x20000112   Data           2  timer.o(.data)
    TIM8_T1                                  0x20000114   Data           4  timer.o(.data)
    TIM8_T2                                  0x20000118   Data           4  timer.o(.data)
    TIM8_T3                                  0x2000011c   Data           4  timer.o(.data)
    TIM8_T4                                  0x20000120   Data           4  timer.o(.data)
    d_module_num                             0x20000124   Data           1  timer.o(.data)
    _delay_count_id                          0x20000125   Data           1  timer.o(.data)
    Usart2_Receive                           0x20000128   Data           1  usartx.o(.data)
    g_bluetooth_flag                         0x20000129   Data           1  usartx.o(.data)
    Balance_Pwm                              0x20000138   Data           4  control.o(.data)
    Velocity_Pwm                             0x2000013c   Data           4  control.o(.data)
    Turn_Pwm                                 0x20000140   Data           4  control.o(.data)
    Flag_Target                              0x20000144   Data           1  control.o(.data)
    Flash_R_Count                            0x20000148   Data           4  control.o(.data)
    Voltage_Temp                             0x2000014c   Data           4  control.o(.data)
    Voltage_Count                            0x20000150   Data           4  control.o(.data)
    Voltage_All                              0x20000154   Data           4  control.o(.data)
    static_kp                                0x20000158   Data           4  control.o(.data)
    static_ki                                0x2000015c   Data           4  control.o(.data)
    g_lift_motor_error                       0x20000160   Data           1  control.o(.data)
    g_right_motor_error                      0x20000161   Data           1  control.o(.data)
    K1                                       0x200001c8   Data           4  filter.o(.data)
    angle                                    0x200001cc   Data           4  filter.o(.data)
    angle_dot                                0x200001d0   Data           4  filter.o(.data)
    Q_angle                                  0x200001d4   Data           4  filter.o(.data)
    Q_gyro                                   0x200001d8   Data           4  filter.o(.data)
    R_angle                                  0x200001dc   Data           4  filter.o(.data)
    dt                                       0x200001e0   Data           4  filter.o(.data)
    C_0                                      0x200001e4   Data           1  filter.o(.data)
    Q_bias                                   0x200001e8   Data           4  filter.o(.data)
    Angle_err                                0x200001ec   Data           4  filter.o(.data)
    PCt_0                                    0x200001f0   Data           4  filter.o(.data)
    PCt_1                                    0x200001f4   Data           4  filter.o(.data)
    E                                        0x200001f8   Data           4  filter.o(.data)
    K_0                                      0x200001fc   Data           4  filter.o(.data)
    K_1                                      0x20000200   Data           4  filter.o(.data)
    t_0                                      0x20000204   Data           4  filter.o(.data)
    t_1                                      0x20000208   Data           4  filter.o(.data)
    PP                                       0x2000020c   Data          16  filter.o(.data)
    gyro                                     0x2000021c   Data           6  mpu6050.o(.data)
    accel                                    0x20000222   Data           6  mpu6050.o(.data)
    sensors                                  0x20000228   Data           2  mpu6050.o(.data)
    Pitch                                    0x2000022c   Data           4  mpu6050.o(.data)
    Roll                                     0x20000230   Data           4  mpu6050.o(.data)
    q0                                       0x20000234   Data           4  mpu6050.o(.data)
    q1                                       0x20000238   Data           4  mpu6050.o(.data)
    q2                                       0x2000023c   Data           4  mpu6050.o(.data)
    q3                                       0x20000240   Data           4  mpu6050.o(.data)
    Gx_offset                                0x2000024e   Data           2  mpu6050.o(.data)
    Gy_offset                                0x20000250   Data           2  mpu6050.o(.data)
    Gz_offset                                0x20000252   Data           2  mpu6050.o(.data)
    temp                                     0x20000254   Data           1  mpu6050.o(.data)
    i                                        0x20000258   Data           1  show.o(.data)
    Send_Count                               0x20000259   Data           1  show.o(.data)
    Vol                                      0x2000025c   Data           4  show.o(.data)
    tempLeft                                 0x2000026c   Data           2  labyrinth.o(.data)
    tempRight                                0x2000026e   Data           2  labyrinth.o(.data)
    lastLeft                                 0x20000270   Data           2  labyrinth.o(.data)
    lastRight                                0x20000272   Data           2  labyrinth.o(.data)
    tempLeftDiff                             0x20000274   Data           2  labyrinth.o(.data)
    tempRightDiff                            0x20000276   Data           2  labyrinth.o(.data)
    oneDirectDistance                        0x20000278   Data           2  labyrinth.o(.data)
    otherDirectDistance                      0x2000027a   Data           2  labyrinth.o(.data)
    targetPulseForTurn                       0x2000027c   Data           4  labyrinth.o(.data)
    hallLeftCount                            0x20000280   Data           4  labyrinth.o(.data)
    hallRightCount                           0x20000284   Data           4  labyrinth.o(.data)
    labCarStatus                             0x20000288   Data           1  labyrinth.o(.data)
    adc_channel_value                        0x20000290   Data          12  main.o(.bss)
    adc_filter_v                             0x2000029c   Data          12  main.o(.bss)
    PID_Parameter                            0x200002a8   Data          20  main.o(.bss)
    Flash_Parameter                          0x200002bc   Data          20  main.o(.bss)
    adc_sample_value                         0x200002d0   Data         384  main.o(.bss)
    _adc_info                                0x20000450   Data          40  sensor_test.o(.bss)
    ADC_DataBuf                              0x20000478   Data          12  sensor_test.o(.bss)
    DMA_InitStructure                        0x20000484   Data          44  sensor_test.o(.bss)
    Filter_ADValue                           0x200004b0   Data         192  sensor_test.o(.bss)
    g_check_info                             0x20000570   Data         160  check_overload.o(.bss)
    OLED_GRAM                                0x20000610   Data        1024  oled.o(.bss)
    TIM3_ICInitStructure                     0x20000a10   Data          10  timer.o(.bss)
    _timer_info                              0x20000a1c   Data         340  timer.o(.bss)
    _delay_module                            0x20000b70   Data          30  timer.o(.bss)
    STMFLASH_BUF                             0x20000b8e   Data        2048  stmflash.o(.bss)
    Receive                                  0x2000138e   Data          50  usartx.o(.bss)
    Pdot                                     0x200013d0   Data          16  filter.o(.bss)
    buffer                                   0x200013e0   Data          14  mpu6050.o(.bss)
    MPU6050_FIFO                             0x200013ee   Data         132  mpu6050.o(.bss)
    DataScope_OutPut_Buffer                  0x20001472   Data          42  datascope_dp.o(.bss)
    __initial_sp                             0x200018a0   Data           0  startup_stm32f10x_hd.o(STACK)



==============================================================================

Memory Map of the image

  Image Entry point : 0x08000131

  Load Region LR_IROM1 (Base: 0x08000000, Size: 0x0000ecb0, Max: 0x00040000, ABSOLUTE, COMPRESSED[0x0000eabc])

    Execution Region ER_IROM1 (Base: 0x08000000, Size: 0x0000ea20, Max: 0x00040000, ABSOLUTE)

    Base Addr    Size         Type   Attr      Idx    E Section Name        Object

    0x08000000   0x00000130   Data   RO          317    RESET               startup_stm32f10x_hd.o
    0x08000130   0x00000000   Code   RO         1043  * .ARM.Collect$$$$00000000  mc_w.l(entry.o)
    0x08000130   0x00000004   Code   RO         1388    .ARM.Collect$$$$00000001  mc_w.l(entry2.o)
    0x08000134   0x00000004   Code   RO         1391    .ARM.Collect$$$$00000004  mc_w.l(entry5.o)
    0x08000138   0x00000000   Code   RO         1393    .ARM.Collect$$$$00000008  mc_w.l(entry7b.o)
    0x08000138   0x00000000   Code   RO         1395    .ARM.Collect$$$$0000000A  mc_w.l(entry8b.o)
    0x08000138   0x00000008   Code   RO         1396    .ARM.Collect$$$$0000000B  mc_w.l(entry9a.o)
    0x08000140   0x00000000   Code   RO         1398    .ARM.Collect$$$$0000000D  mc_w.l(entry10a.o)
    0x08000140   0x00000000   Code   RO         1400    .ARM.Collect$$$$0000000F  mc_w.l(entry11a.o)
    0x08000140   0x00000004   Code   RO         1389    .ARM.Collect$$$$00002712  mc_w.l(entry2.o)
    0x08000144   0x0000000c   Code   RO          633    .emb_text           sys.o
    0x08000150   0x000002f0   Code   RO            1    .text               main.o
    0x08000440   0x00000018   Code   RO          204    .text               stm32f10x_it.o
    0x08000458   0x000001e0   Code   RO          219    .text               system_stm32f10x.o
    0x08000638   0x00000894   Code   RO          237    .text               sensor_test.o
    0x08000ecc   0x00000720   Code   RO          288    .text               check_overload.o
    0x080015ec   0x00000024   Code   RO          318    .text               startup_stm32f10x_hd.o
    0x08001610   0x000000dc   Code   RO          322    .text               misc.o
    0x080016ec   0x0000044e   Code   RO          334    .text               stm32f10x_adc.o
    0x08001b3a   0x00000002   PAD
    0x08001b3c   0x000000c4   Code   RO          346    .text               stm32f10x_bkp.o
    0x08001c00   0x00000254   Code   RO          418    .text               stm32f10x_dma.o
    0x08001e54   0x0000011c   Code   RO          430    .text               stm32f10x_exti.o
    0x08001f70   0x0000035c   Code   RO          466    .text               stm32f10x_gpio.o
    0x080022cc   0x000000cc   Code   RO          502    .text               stm32f10x_pwr.o
    0x08002398   0x000003a4   Code   RO          514    .text               stm32f10x_rcc.o
    0x0800273c   0x00000e1a   Code   RO          564    .text               stm32f10x_tim.o
    0x08003556   0x00000002   PAD
    0x08003558   0x00000408   Code   RO          576    .text               stm32f10x_usart.o
    0x08003960   0x000000d4   Code   RO          600    .text               delay.o
    0x08003a34   0x000000d0   Code   RO          614    .text               usart.o
    0x08003b04   0x000002bc   Code   RO          634    .text               sys.o
    0x08003dc0   0x00000064   Code   RO          649    .text               led.o
    0x08003e24   0x00000170   Code   RO          662    .text               key.o
    0x08003f94   0x0000042e   Code   RO          675    .text               oled.o
    0x080043c2   0x00000002   PAD
    0x080043c4   0x000000f4   Code   RO          694    .text               adc.o
    0x080044b8   0x00000840   Code   RO          709    .text               timer.o
    0x08004cf8   0x000000fc   Code   RO          725    .text               motor.o
    0x08004df4   0x000001f4   Code   RO          737    .text               encoder.o
    0x08004fe8   0x00000526   Code   RO          749    .text               ioi2c.o
    0x0800550e   0x00000002   PAD
    0x08005510   0x0000006c   Code   RO          761    .text               exti.o
    0x0800557c   0x00000368   Code   RO          773    .text               stmflash.o
    0x080058e4   0x000004ec   Code   RO          788    .text               usartx.o
    0x08005dd0   0x000006c4   Code   RO          837    .text               can.o
    0x08006494   0x00000da4   Code   RO          849    .text               control.o
    0x08007238   0x00001e90   Code   RO          877    .text               inv_mpu.o
    0x080090c8   0x00000d70   Code   RO          901    .text               inv_mpu_dmp_motion_driver.o
    0x08009e38   0x00000308   Code   RO          916    .text               filter.o
    0x0800a140   0x00000844   Code   RO          935    .text               mpu6050.o
    0x0800a984   0x0000042c   Code   RO          963    .text               show.o
    0x0800adb0   0x00000154   Code   RO          978    .text               datascope_dp.o
    0x0800af04   0x000002f0   Code   RO          996    .text               labyrinth.o
    0x0800b1f4   0x00000062   Code   RO         1046    .text               mc_w.l(ldiv.o)
    0x0800b256   0x00000024   Code   RO         1048    .text               mc_w.l(memseta.o)
    0x0800b27a   0x0000001a   Code   RO         1050    .text               mc_w.l(memcmp.o)
    0x0800b294   0x000000b0   Code   RO         1313    .text               mf_w.l(fadd.o)
    0x0800b344   0x00000064   Code   RO         1315    .text               mf_w.l(fmul.o)
    0x0800b3a8   0x0000007c   Code   RO         1317    .text               mf_w.l(fdiv.o)
    0x0800b424   0x0000014e   Code   RO         1319    .text               mf_w.l(dadd.o)
    0x0800b572   0x000000e4   Code   RO         1321    .text               mf_w.l(dmul.o)
    0x0800b656   0x000000de   Code   RO         1323    .text               mf_w.l(ddiv.o)
    0x0800b734   0x00000012   Code   RO         1325    .text               mf_w.l(fflti.o)
    0x0800b746   0x0000000a   Code   RO         1327    .text               mf_w.l(ffltui.o)
    0x0800b750   0x00000022   Code   RO         1329    .text               mf_w.l(dflti.o)
    0x0800b772   0x0000001a   Code   RO         1331    .text               mf_w.l(dfltui.o)
    0x0800b78c   0x00000032   Code   RO         1333    .text               mf_w.l(ffixi.o)
    0x0800b7be   0x00000028   Code   RO         1335    .text               mf_w.l(ffixui.o)
    0x0800b7e6   0x0000003e   Code   RO         1337    .text               mf_w.l(dfixi.o)
    0x0800b824   0x00000032   Code   RO         1339    .text               mf_w.l(dfixui.o)
    0x0800b856   0x00000026   Code   RO         1341    .text               mf_w.l(f2d.o)
    0x0800b87c   0x00000030   Code   RO         1343    .text               mf_w.l(cdcmple.o)
    0x0800b8ac   0x00000038   Code   RO         1345    .text               mf_w.l(d2f.o)
    0x0800b8e4   0x00000014   Code   RO         1347    .text               mf_w.l(cfcmple.o)
    0x0800b8f8   0x00000014   Code   RO         1349    .text               mf_w.l(cfrcmple.o)
    0x0800b90c   0x0000002c   Code   RO         1402    .text               mc_w.l(uidiv.o)
    0x0800b938   0x00000062   Code   RO         1404    .text               mc_w.l(uldiv.o)
    0x0800b99a   0x0000001e   Code   RO         1406    .text               mc_w.l(llshl.o)
    0x0800b9b8   0x00000020   Code   RO         1408    .text               mc_w.l(llushr.o)
    0x0800b9d8   0x00000024   Code   RO         1410    .text               mc_w.l(llsshr.o)
    0x0800b9fc   0x00000000   Code   RO         1419    .text               mc_w.l(iusefp.o)
    0x0800b9fc   0x0000006e   Code   RO         1420    .text               mf_w.l(fepilogue.o)
    0x0800ba6a   0x000000ba   Code   RO         1422    .text               mf_w.l(depilogue.o)
    0x0800bb24   0x0000002e   Code   RO         1424    .text               mf_w.l(dscalb.o)
    0x0800bb52   0x00000002   PAD
    0x0800bb54   0x00000030   Code   RO         1428    .text               mf_w.l(cdrcmple.o)
    0x0800bb84   0x00000024   Code   RO         1430    .text               mc_w.l(init.o)
    0x0800bba8   0x000000a2   Code   RO         1432    .text               mf_w.l(dsqrt.o)
    0x0800bc4a   0x00000056   Code   RO         1442    .text               mc_w.l(__dczerorl2.o)
    0x0800bca0   0x00000020   Code   RO         1097    i.__0printf$1       mc_w.l(printf1.o)
    0x0800bcc0   0x00000028   Code   RO         1375    i.__ARM_fpclassify  m_ws.l(fpclassify.o)
    0x0800bce8   0x000000aa   Code   RO         1377    i.__kernel_poly     m_ws.l(poly.o)
    0x0800bd92   0x00000002   PAD
    0x0800bd94   0x00000010   Code   RO         1361    i.__mathlib_dbl_divzero  m_ws.l(dunder.o)
    0x0800bda4   0x00000006   Code   RO         1362    i.__mathlib_dbl_infnan  m_ws.l(dunder.o)
    0x0800bdaa   0x00000004   Code   RO         1363    i.__mathlib_dbl_infnan2  m_ws.l(dunder.o)
    0x0800bdae   0x0000000c   Code   RO         1364    i.__mathlib_dbl_invalid  m_ws.l(dunder.o)
    0x0800bdba   0x0000000e   Code   RO         1365    i.__mathlib_dbl_overflow  m_ws.l(dunder.o)
    0x0800bdc8   0x00000010   Code   RO         1367    i.__mathlib_dbl_underflow  m_ws.l(dunder.o)
    0x0800bdd8   0x0000000e   Code   RO         1436    i.__scatterload_copy  mc_w.l(handlers.o)
    0x0800bde6   0x00000002   Code   RO         1437    i.__scatterload_null  mc_w.l(handlers.o)
    0x0800bde8   0x0000000e   Code   RO         1438    i.__scatterload_zeroinit  mc_w.l(handlers.o)
    0x0800bdf6   0x00000002   PAD
    0x0800bdf8   0x0000000c   Code   RO         1414    i.__set_errno       mc_w.l(errno.o)
    0x0800be04   0x00000154   Code   RO         1104    i._printf_core      mc_w.l(printf1.o)
    0x0800bf58   0x00000270   Code   RO         1016    i.asin              m_ws.l(asin.o)
    0x0800c1c8   0x00000220   Code   RO         1352    i.atan              m_ws.l(atan.o)
    0x0800c3e8   0x00000180   Code   RO         1026    i.atan2             m_ws.l(atan2.o)
    0x0800c568   0x000009b8   Code   RO         1034    i.pow               m_ws.l(pow.o)
    0x0800cf20   0x0000004c   Code   RO         1381    i.sqrt              m_ws.l(sqrt.o)
    0x0800cf6c   0x00000220   Data   RO          239    .constdata          sensor_test.o
    0x0800d18c   0x00000a64   Data   RO          677    .constdata          oled.o
    0x0800dbf0   0x00000050   Data   RO          878    .constdata          inv_mpu.o
    0x0800dc40   0x00000bf6   Data   RO          903    .constdata          inv_mpu_dmp_motion_driver.o
    0x0800e836   0x00000002   PAD
    0x0800e838   0x00000050   Data   RO         1017    .constdata          m_ws.l(asin.o)
    0x0800e888   0x00000088   Data   RO         1035    .constdata          m_ws.l(pow.o)
    0x0800e910   0x00000098   Data   RO         1353    .constdata          m_ws.l(atan.o)
    0x0800e9a8   0x00000008   Data   RO         1379    .constdata          m_ws.l(qnan.o)
    0x0800e9b0   0x0000004e   Data   RO          879    .conststring        inv_mpu.o
    0x0800e9fe   0x00000002   PAD
    0x0800ea00   0x00000020   Data   RO         1434    Region$$Table       anon$$obj.o


    Execution Region RW_IRAM1 (Base: 0x20000000, Size: 0x000018a0, Max: 0x0000c000, ABSOLUTE, COMPRESSED[0x0000009c])

    Base Addr    Size         Type   Attr      Idx    E Section Name        Object

    0x20000000   0x00000061   Data   RW            3    .data               main.o
    0x20000061   0x00000003   PAD
    0x20000064   0x00000014   Data   RW          220    .data               system_stm32f10x.o
    0x20000078   0x0000004a   Data   RW          240    .data               sensor_test.o
    0x200000c2   0x00000003   Data   RW          290    .data               check_overload.o
    0x200000c5   0x00000014   Data   RW          515    .data               stm32f10x_rcc.o
    0x200000d9   0x00000001   PAD
    0x200000da   0x00000004   Data   RW          601    .data               delay.o
    0x200000de   0x00000002   PAD
    0x200000e0   0x00000004   Data   RW          615    .data               usart.o
    0x200000e4   0x00000004   Data   RW          650    .data               led.o
    0x200000e8   0x0000000e   Data   RW          663    .data               key.o
    0x200000f6   0x00000002   Data   RW          695    .data               adc.o
    0x200000f8   0x0000002e   Data   RW          711    .data               timer.o
    0x20000126   0x00000002   PAD
    0x20000128   0x00000010   Data   RW          790    .data               usartx.o
    0x20000138   0x00000064   Data   RW          850    .data               control.o
    0x2000019c   0x0000002c   Data   RW          880    .data               inv_mpu.o
    0x200001c8   0x00000054   Data   RW          918    .data               filter.o
    0x2000021c   0x00000039   Data   RW          937    .data               mpu6050.o
    0x20000255   0x00000003   PAD
    0x20000258   0x00000009   Data   RW          964    .data               show.o
    0x20000261   0x00000003   PAD
    0x20000264   0x00000025   Data   RW          997    .data               labyrinth.o
    0x20000289   0x00000003   PAD
    0x2000028c   0x00000004   Data   RW         1415    .data               mc_w.l(errno.o)
    0x20000290   0x000001c0   Zero   RW            2    .bss                main.o
    0x20000450   0x00000120   Zero   RW          238    .bss                sensor_test.o
    0x20000570   0x000000a0   Zero   RW          289    .bss                check_overload.o
    0x20000610   0x00000400   Zero   RW          676    .bss                oled.o
    0x20000a10   0x0000017e   Zero   RW          710    .bss                timer.o
    0x20000b8e   0x00000800   Zero   RW          774    .bss                stmflash.o
    0x2000138e   0x00000032   Zero   RW          789    .bss                usartx.o
    0x200013c0   0x00000010   Zero   RW          902    .bss                inv_mpu_dmp_motion_driver.o
    0x200013d0   0x00000010   Zero   RW          917    .bss                filter.o
    0x200013e0   0x00000092   Zero   RW          936    .bss                mpu6050.o
    0x20001472   0x0000002a   Zero   RW          979    .bss                datascope_dp.o
    0x2000149c   0x00000004   PAD
    0x200014a0   0x00000400   Zero   RW          315    STACK               startup_stm32f10x_hd.o


==============================================================================

Image component sizes


      Code (inc. data)   RO Data    RW Data    ZI Data      Debug   Object Name

       244         30          0          2          0       1351   adc.o
      1732         52          0          0          0       4901   can.o
      1824         44          0          3        160       3391   check_overload.o
      3492        462          0        100          0       5798   control.o
         0          0          0          0          0         32   core_cm3.o
       340         30          0          0         42       1942   datascope_dp.o
       212         18          0          4          0        971   delay.o
       500         16          0          0          0       1623   encoder.o
       108          6          0          0          0        608   exti.o
       776         86          0         84         16       1864   filter.o
      7824        172        158         44          0      20839   inv_mpu.o
      3440        126       3062          0         16      14703   inv_mpu_dmp_motion_driver.o
      1318         12          0          0          0       5434   ioi2c.o
       368         42          0         14          0       1443   key.o
       752         86          0         37          0       3226   labyrinth.o
       100         18          0          4          0        701   led.o
       752         46          0         97        448     267574   main.o
       220         22          0          0          0       1753   misc.o
       252         12          0          0          0        946   motor.o
      2116        454          0         57        146      20687   mpu6050.o
      1070         24       2660          0       1024       4439   oled.o
      2196        170        544         74        288     222083   sensor_test.o
      1068        222          0          9          0       1398   show.o
        36          8        304          0       1024        792   startup_stm32f10x_hd.o
      1102         26          0          0          0      10785   stm32f10x_adc.o
       196          8          0          0          0       3412   stm32f10x_bkp.o
       596          8          0          0          0       4278   stm32f10x_dma.o
       284         10          0          0          0       2183   stm32f10x_exti.o
       860         38          0          0          0       5597   stm32f10x_gpio.o
        24          0          0          0          0       1062   stm32f10x_it.o
       204         14          0          0          0       1895   stm32f10x_pwr.o
       932         36          0         20          0       8740   stm32f10x_rcc.o
      3610         88          0          0          0      22080   stm32f10x_tim.o
      1032         22          0          0          0       8320   stm32f10x_usart.o
       872         70          0          0       2048       4098   stmflash.o
       712         44          0          0          0       2711   sys.o
       480         38          0         20          0       1667   system_stm32f10x.o
      2112        120          0         46        382       7238   timer.o
       208         18          0          4          0       2738   usart.o
      1260        154          0         16         50       2325   usartx.o

    ----------------------------------------------------------------------
     45232       2852       6764        652       5648     677628   Object Totals
         0          0         32          0          0          0   (incl. Generated)
         8          0          4         17          4          0   (incl. Padding)

    ----------------------------------------------------------------------

      Code (inc. data)   RO Data    RW Data    ZI Data      Debug   Library Member Name

       624         52         80          0          0        168   asin.o
       544         70        152          0          0        124   atan.o
       384         38          0          0          0        144   atan2.o
        68         10          0          0          0        408   dunder.o
        40          0          0          0          0         68   fpclassify.o
       170          0          0          0          0         96   poly.o
      2488        190        136          0          0        300   pow.o
         0          0          8          0          0          0   qnan.o
        76          0          0          0          0         84   sqrt.o
        86          0          0          0          0          0   __dczerorl2.o
         0          0          0          0          0          0   entry.o
         0          0          0          0          0          0   entry10a.o
         0          0          0          0          0          0   entry11a.o
         8          4          0          0          0          0   entry2.o
         4          0          0          0          0          0   entry5.o
         0          0          0          0          0          0   entry7b.o
         0          0          0          0          0          0   entry8b.o
         8          4          0          0          0          0   entry9a.o
        12          6          0          4          0         68   errno.o
        30          0          0          0          0          0   handlers.o
        36          8          0          0          0         68   init.o
         0          0          0          0          0          0   iusefp.o
        98          0          0          0          0         84   ldiv.o
        30          0          0          0          0         68   llshl.o
        36          0          0          0          0         68   llsshr.o
        32          0          0          0          0         68   llushr.o
        26          0          0          0          0         80   memcmp.o
        36          0          0          0          0        108   memseta.o
       372         14          0          0          0        184   printf1.o
        44          0          0          0          0         80   uidiv.o
        98          0          0          0          0         92   uldiv.o
        48          0          0          0          0         68   cdcmple.o
        48          0          0          0          0         68   cdrcmple.o
        20          0          0          0          0         68   cfcmple.o
        20          0          0          0          0         68   cfrcmple.o
        56          0          0          0          0         88   d2f.o
       334          0          0          0          0        148   dadd.o
       222          0          0          0          0        100   ddiv.o
       186          0          0          0          0        176   depilogue.o
        62          0          0          0          0         80   dfixi.o
        50          0          0          0          0         76   dfixui.o
        34          0          0          0          0         76   dflti.o
        26          0          0          0          0         76   dfltui.o
       228          0          0          0          0         96   dmul.o
        46          0          0          0          0         80   dscalb.o
       162          0          0          0          0        100   dsqrt.o
        38          0          0          0          0         68   f2d.o
       176          0          0          0          0        140   fadd.o
       124          0          0          0          0         88   fdiv.o
       110          0          0          0          0        168   fepilogue.o
        50          0          0          0          0         68   ffixi.o
        40          0          0          0          0         68   ffixui.o
        18          0          0          0          0         68   fflti.o
        10          0          0          0          0         68   ffltui.o
       100          0          0          0          0         76   fmul.o

    ----------------------------------------------------------------------
      7564        396        376          4          0       4540   Library Totals
         6          0          0          0          0          0   (incl. Padding)

    ----------------------------------------------------------------------

      Code (inc. data)   RO Data    RW Data    ZI Data      Debug   Library Name

      4394        360        376          0          0       1392   m_ws.l
       956         36          0          4          0        968   mc_w.l
      2208          0          0          0          0       2180   mf_w.l

    ----------------------------------------------------------------------
      7564        396        376          4          0       4540   Library Totals

    ----------------------------------------------------------------------

==============================================================================


      Code (inc. data)   RO Data    RW Data    ZI Data      Debug   

     52796       3248       7140        656       5648     675848   Grand Totals
     52796       3248       7140        156       5648     675848   ELF Image Totals (compressed)
     52796       3248       7140        156          0          0   ROM Totals

==============================================================================

    Total RO  Size (Code + RO Data)                59936 (  58.53kB)
    Total RW  Size (RW Data + ZI Data)              6304 (   6.16kB)
    Total ROM Size (Code + RO Data + RW Data)      60092 (  58.68kB)

==============================================================================

