Component: ARM Compiler 5.05 update 1 (build 106) Tool: armlink [4d0efa]

==============================================================================

Section Cross References

    main.o(.text) refers to stm32f10x_gpio.o(.text) for GPIO_ReadInputDataBit
    main.o(.text) refers to sensor_test.o(.text) for Move_Array
    main.o(.text) refers to stm32f10x_rcc.o(.text) for RCC_APB2PeriphClockCmd
    main.o(.text) refers to delay.o(.text) for delay_init
    main.o(.text) refers to usart.o(.text) for uart_init
    main.o(.text) refers to led.o(.text) for LED_Init
    main.o(.text) refers to key.o(.text) for KEY_Init
    main.o(.text) refers to sys.o(.text) for MY_NVIC_PriorityGroupConfig
    main.o(.text) refers to motor.o(.text) for MiniBalance_PWM_Init
    main.o(.text) refers to usartx.o(.text) for uart1_init
    main.o(.text) refers to encoder.o(.text) for Encoder_Init_TIM2
    main.o(.text) refers to stm32f10x_adc.o(.text) for ADC_SoftwareStartConvCmd
    main.o(.text) refers to timer.o(.text) for Config_TIMER
    main.o(.text) refers to check_overload.o(.text) for Init_CheckMotorParameter
    main.o(.text) refers to ioi2c.o(.text) for IIC_Init
    main.o(.text) refers to mpu6050.o(.text) for MPU6050_initialize
    main.o(.text) refers to oled.o(.text) for OLED_Init
    main.o(.text) refers to can.o(.text) for CAN1_Mode_Init
    main.o(.text) refers to exti.o(.text) for MiniBalance_EXTI_Init
    main.o(.text) refers to labyrinth.o(.text) for initialLabyrinthConfig
    main.o(.text) refers to stmflash.o(.text) for Flash_Write
    main.o(.text) refers to show.o(.text) for oled_show
    main.o(.text) refers to adc.o(.text) for Get_SampleValue
    main.o(.text) refers to main.o(.data) for Bi_zhang
    main.o(.text) refers to main.o(.bss) for adc_channel_value
    system_stm32f10x.o(.text) refers to system_stm32f10x.o(.data) for SystemCoreClock
    sensor_test.o(.text) refers to stm32f10x_gpio.o(.text) for GPIO_Init
    sensor_test.o(.text) refers to misc.o(.text) for NVIC_PriorityGroupConfig
    sensor_test.o(.text) refers to stm32f10x_rcc.o(.text) for RCC_AHBPeriphClockCmd
    sensor_test.o(.text) refers to stm32f10x_dma.o(.text) for DMA_DeInit
    sensor_test.o(.text) refers to stm32f10x_adc.o(.text) for ADC_Init
    sensor_test.o(.text) refers to dfltui.o(.text) for __aeabi_ui2d
    sensor_test.o(.text) refers to ddiv.o(.text) for __aeabi_ddiv
    sensor_test.o(.text) refers to dmul.o(.text) for __aeabi_dmul
    sensor_test.o(.text) refers to dfixui.o(.text) for __aeabi_d2uiz
    sensor_test.o(.text) refers to sensor_test.o(.bss) for DMA_InitStructure
    sensor_test.o(.text) refers to sensor_test.o(.data) for resistance
    sensor_test.o(.text) refers to sensor_test.o(.constdata) for Temp_ADC
    sensor_test.o(.text) refers to ffltui.o(.text) for __aeabi_ui2f
    sensor_test.o(.text) refers to fmul.o(.text) for __aeabi_fmul
    sensor_test.o(.text) refers to fadd.o(.text) for __aeabi_frsub
    sensor_test.o(.text) refers to ffixi.o(.text) for __aeabi_f2iz
    sensor_test.o(.text) refers to timer.o(.text) for Read_Distane
    sensor_test.o(.text) refers to dfixi.o(.text) for __aeabi_d2iz
    sensor_test.o(.text) refers to oled.o(.text) for OLED_ShowNumber
    sensor_test.o(.text) refers to main.o(.data) for Distance
    sensor_test.o(.text) refers to labyrinth.o(.data) for labCarStatus
    check_overload.o(.text) refers to dfltui.o(.text) for __aeabi_ui2d
    check_overload.o(.text) refers to dmul.o(.text) for __aeabi_dmul
    check_overload.o(.text) refers to dfixui.o(.text) for __aeabi_d2uiz
    check_overload.o(.text) refers to timer.o(.text) for GetDelayIdFunction
    check_overload.o(.text) refers to ffltui.o(.text) for __aeabi_ui2f
    check_overload.o(.text) refers to fmul.o(.text) for __aeabi_fmul
    check_overload.o(.text) refers to f2d.o(.text) for __aeabi_f2d
    check_overload.o(.text) refers to ddiv.o(.text) for __aeabi_ddiv
    check_overload.o(.text) refers to check_overload.o(.bss) for g_check_info
    check_overload.o(.text) refers to sensor_test.o(.text) for Weight_Filter
    check_overload.o(.text) refers to check_overload.o(.data) for Offset_FSM
    startup_stm32f10x_hd.o(RESET) refers to startup_stm32f10x_hd.o(STACK) for __initial_sp
    startup_stm32f10x_hd.o(RESET) refers to startup_stm32f10x_hd.o(.text) for Reset_Handler
    startup_stm32f10x_hd.o(RESET) refers to stm32f10x_it.o(.text) for NMI_Handler
    startup_stm32f10x_hd.o(RESET) refers to delay.o(.text) for SysTick_Handler
    startup_stm32f10x_hd.o(RESET) refers to control.o(.text) for EXTI2_IRQHandler
    startup_stm32f10x_hd.o(RESET) refers to sensor_test.o(.text) for DMA1_Channel1_IRQHandler
    startup_stm32f10x_hd.o(RESET) refers to can.o(.text) for USB_LP_CAN1_RX0_IRQHandler
    startup_stm32f10x_hd.o(RESET) refers to encoder.o(.text) for TIM2_IRQHandler
    startup_stm32f10x_hd.o(RESET) refers to timer.o(.text) for TIM3_IRQHandler
    startup_stm32f10x_hd.o(RESET) refers to usartx.o(.text) for USART1_IRQHandler
[...]
    SPI2_IRQHandler                          0x0800163b   Thumb Code     0  startup_stm32f10x_hd.o(.text)
    SPI3_IRQHandler                          0x0800163b   Thumb Code     0  startup_stm32f10x_hd.o(.text)
    TAMPER_IRQHandler                        0x0800163b   Thumb Code     0  startup_stm32f10x_hd.o(.text)
    TIM1_BRK_IRQHandler                      0x0800163b   Thumb Code     0  startup_stm32f10x_hd.o(.text)
    TIM1_CC_IRQHandler                       0x0800163b   Thumb Code     0  startup_stm32f10x_hd.o(.text)
    TIM1_TRG_COM_IRQHandler                  0x0800163b   Thumb Code     0  startup_stm32f10x_hd.o(.text)
    TIM1_UP_IRQHandler                       0x0800163b   Thumb Code     0  startup_stm32f10x_hd.o(.text)
    TIM6_IRQHandler                          0x0800163b   Thumb Code     0  startup_stm32f10x_hd.o(.text)
    TIM8_BRK_IRQHandler                      0x0800163b   Thumb Code     0  startup_stm32f10x_hd.o(.text)
    TIM8_TRG_COM_IRQHandler                  0x0800163b   Thumb Code     0  startup_stm32f10x_hd.o(.text)
    UART4_IRQHandler                         0x0800163b   Thumb Code     0  startup_stm32f10x_hd.o(.text)
    UART5_IRQHandler                         0x0800163b   Thumb Code     0  startup_stm32f10x_hd.o(.text)
    USART2_IRQHandler                        0x0800163b   Thumb Code     0  startup_stm32f10x_hd.o(.text)
    USART3_IRQHandler                        0x0800163b   Thumb Code     0  startup_stm32f10x_hd.o(.text)
    USBWakeUp_IRQHandler                     0x0800163b   Thumb Code     0  startup_stm32f10x_hd.o(.text)
    USB_HP_CAN1_TX_IRQHandler                0x0800163b   Thumb Code     0  startup_stm32f10x_hd.o(.text)
    WWDG_IRQHandler                          0x0800163b   Thumb Code     0  startup_stm32f10x_hd.o(.text)
    NVIC_PriorityGroupConfig                 0x08001645   Thumb Code    10  misc.o(.text)
    NVIC_Init                                0x0800164f   Thumb Code   100  misc.o(.text)
    NVIC_SetVectorTable                      0x080016b3   Thumb Code    14  misc.o(.text)
    NVIC_SystemLPConfig                      0x080016c1   Thumb Code    34  misc.o(.text)
    SysTick_CLKSourceConfig                  0x080016e3   Thumb Code    40  misc.o(.text)
    ADC_DeInit                               0x08001721   Thumb Code    78  stm32f10x_adc.o(.text)
    ADC_Init                                 0x0800176f   Thumb Code    70  stm32f10x_adc.o(.text)
    ADC_StructInit                           0x080017b5   Thumb Code    18  stm32f10x_adc.o(.text)
    ADC_Cmd                                  0x080017c7   Thumb Code    22  stm32f10x_adc.o(.text)
    ADC_DMACmd                               0x080017dd   Thumb Code    22  stm32f10x_adc.o(.text)
    ADC_ITConfig                             0x080017f3   Thumb Code    24  stm32f10x_adc.o(.text)
    ADC_ResetCalibration                     0x0800180b   Thumb Code    10  stm32f10x_adc.o(.text)
    ADC_GetResetCalibrationStatus            0x08001815   Thumb Code    20  stm32f10x_adc.o(.text)
    ADC_StartCalibration                     0x08001829   Thumb Code    10  stm32f10x_adc.o(.text)
    ADC_GetCalibrationStatus                 0x08001833   Thumb Code    20  stm32f10x_adc.o(.text)
    ADC_SoftwareStartConvCmd                 0x08001847   Thumb Code    22  stm32f10x_adc.o(.text)
    ADC_GetSoftwareStartConvStatus           0x0800185d   Thumb Code    20  stm32f10x_adc.o(.text)
    ADC_DiscModeChannelCountConfig           0x08001871   Thumb Code    24  stm32f10x_adc.o(.text)
    ADC_DiscModeCmd                          0x08001889   Thumb Code    22  stm32f10x_adc.o(.text)
    ADC_RegularChannelConfig                 0x0800189f   Thumb Code   184  stm32f10x_adc.o(.text)
    ADC_ExternalTrigConvCmd                  0x08001957   Thumb Code    22  stm32f10x_adc.o(.text)
    ADC_GetConversionValue                   0x0800196d   Thumb Code     8  stm32f10x_adc.o(.text)
    ADC_GetDualModeConversionValue           0x08001975   Thumb Code     8  stm32f10x_adc.o(.text)
    ADC_AutoInjectedConvCmd                  0x0800197d   Thumb Code    22  stm32f10x_adc.o(.text)
    ADC_InjectedDiscModeCmd                  0x08001993   Thumb Code    22  stm32f10x_adc.o(.text)
    ADC_ExternalTrigInjectedConvConfig       0x080019a9   Thumb Code    16  stm32f10x_adc.o(.text)
    ADC_ExternalTrigInjectedConvCmd          0x080019b9   Thumb Code    22  stm32f10x_adc.o(.text)
    ADC_SoftwareStartInjectedConvCmd         0x080019cf   Thumb Code    22  stm32f10x_adc.o(.text)
    ADC_GetSoftwareStartInjectedConvCmdStatus 0x080019e5   Thumb Code    20  stm32f10x_adc.o(.text)
    ADC_InjectedChannelConfig                0x080019f9   Thumb Code   130  stm32f10x_adc.o(.text)
    ADC_InjectedSequencerLengthConfig        0x08001a7b   Thumb Code    24  stm32f10x_adc.o(.text)
    ADC_SetInjectedOffset                    0x08001a93   Thumb Code    20  stm32f10x_adc.o(.text)
    ADC_GetInjectedConversionValue           0x08001aa7   Thumb Code    28  stm32f10x_adc.o(.text)
    ADC_AnalogWatchdogCmd                    0x08001ac3   Thumb Code    16  stm32f10x_adc.o(.text)
    ADC_AnalogWatchdogThresholdsConfig       0x08001ad3   Thumb Code     6  stm32f10x_adc.o(.text)
    ADC_AnalogWatchdogSingleChannelConfig    0x08001ad9   Thumb Code    16  stm32f10x_adc.o(.text)
    ADC_TempSensorVrefintCmd                 0x08001ae9   Thumb Code    64  stm32f10x_adc.o(.text)
    ADC_GetFlagStatus                        0x08001b29   Thumb Code    18  stm32f10x_adc.o(.text)
    ADC_ClearFlag                            0x08001b3b   Thumb Code     6  stm32f10x_adc.o(.text)
    ADC_GetITStatus                          0x08001b41   Thumb Code    36  stm32f10x_adc.o(.text)
    ADC_ClearITPendingBit                    0x08001b65   Thumb Code    10  stm32f10x_adc.o(.text)
    BKP_DeInit                               0x08001b71   Thumb Code    16  stm32f10x_bkp.o(.text)
    BKP_TamperPinLevelConfig                 0x08001b81   Thumb Code     6  stm32f10x_bkp.o(.text)
    BKP_TamperPinCmd                         0x08001b87   Thumb Code     8  stm32f10x_bkp.o(.text)
    BKP_ITConfig                             0x08001b8f   Thumb Code     8  stm32f10x_bkp.o(.text)
    BKP_RTCOutputConfig                      0x08001b97   Thumb Code    22  stm32f10x_bkp.o(.text)
    BKP_SetRTCCalibrationValue               0x08001bad   Thumb Code    22  stm32f10x_bkp.o(.text)
    BKP_WriteBackupRegister                  0x08001bc3   Thumb Code    24  stm32f10x_bkp.o(.text)
    BKP_ReadBackupRegister                   0x08001bdb   Thumb Code    26  stm32f10x_bkp.o(.text)
    BKP_GetFlagStatus                        0x08001bf5   Thumb Code    10  stm32f10x_bkp.o(.text)
    BKP_ClearFlag                            0x08001bff   Thumb Code    18  stm32f10x_bkp.o(.text)
    BKP_GetITStatus                          0x08001c11   Thumb Code    10  stm32f10x_bkp.o(.text)
    BKP_ClearITPendingBit                    0x08001c1b   Thumb Code    18  stm32f10x_bkp.o(.text)
    DMA_DeInit                               0x08001c35   Thumb Code   324  stm32f10x_dma.o(.text)
    DMA_Init                                 0x08001d79   Thumb Code    60  stm32f10x_dma.o(.text)
    DMA_StructInit                           0x08001db5   Thumb Code    26  stm32f10x_dma.o(.text)
    DMA_Cmd                                  0x08001dcf   Thumb Code    24  stm32f10x_dma.o(.text)
    DMA_ITConfig                             0x08001de7   Thumb Code    18  stm32f10x_dma.o(.text)
    DMA_SetCurrDataCounter                   0x08001df9   Thumb Code     4  stm32f10x_dma.o(.text)
    DMA_GetCurrDataCounter                   0x08001dfd   Thumb Code     8  stm32f10x_dma.o(.text)
    DMA_GetFlagStatus                        0x08001e05   Thumb Code    40  stm32f10x_dma.o(.text)
    DMA_ClearFlag                            0x08001e2d   Thumb Code    22  stm32f10x_dma.o(.text)
    DMA_GetITStatus                          0x08001e43   Thumb Code    40  stm32f10x_dma.o(.text)
    DMA_ClearITPendingBit                    0x08001e6b   Thumb Code    22  stm32f10x_dma.o(.text)
    EXTI_DeInit                              0x08001e89   Thumb Code    28  stm32f10x_exti.o(.text)
    EXTI_Init                                0x08001ea5   Thumb Code   142  stm32f10x_exti.o(.text)
    EXTI_StructInit                          0x08001f33   Thumb Code    16  stm32f10x_exti.o(.text)
    EXTI_GenerateSWInterrupt                 0x08001f43   Thumb Code    16  stm32f10x_exti.o(.text)
    EXTI_GetFlagStatus                       0x08001f53   Thumb Code    22  stm32f10x_exti.o(.text)
    EXTI_ClearFlag                           0x08001f69   Thumb Code     8  stm32f10x_exti.o(.text)
    EXTI_GetITStatus                         0x08001f71   Thumb Code    34  stm32f10x_exti.o(.text)
    EXTI_ClearITPendingBit                   0x08001f93   Thumb Code     8  stm32f10x_exti.o(.text)
    GPIO_DeInit                              0x08001fa5   Thumb Code   172  stm32f10x_gpio.o(.text)
    GPIO_AFIODeInit                          0x08002051   Thumb Code    20  stm32f10x_gpio.o(.text)
    GPIO_Init                                0x08002065   Thumb Code   278  stm32f10x_gpio.o(.text)
    GPIO_StructInit                          0x0800217b   Thumb Code    16  stm32f10x_gpio.o(.text)
    GPIO_ReadInputDataBit                    0x0800218b   Thumb Code    18  stm32f10x_gpio.o(.text)
    GPIO_ReadInputData                       0x0800219d   Thumb Code     8  stm32f10x_gpio.o(.text)
    GPIO_ReadOutputDataBit                   0x080021a5   Thumb Code    18  stm32f10x_gpio.o(.text)
    GPIO_ReadOutputData                      0x080021b7   Thumb Code     8  stm32f10x_gpio.o(.text)
    GPIO_SetBits                             0x080021bf   Thumb Code     4  stm32f10x_gpio.o(.text)
    GPIO_ResetBits                           0x080021c3   Thumb Code     4  stm32f10x_gpio.o(.text)
    GPIO_WriteBit                            0x080021c7   Thumb Code    10  stm32f10x_gpio.o(.text)
    GPIO_Write                               0x080021d1   Thumb Code     4  stm32f10x_gpio.o(.text)
    GPIO_PinLockConfig                       0x080021d5   Thumb Code    18  stm32f10x_gpio.o(.text)
    GPIO_EventOutputConfig                   0x080021e7   Thumb Code    26  stm32f10x_gpio.o(.text)
    GPIO_EventOutputCmd                      0x08002201   Thumb Code     6  stm32f10x_gpio.o(.text)
    GPIO_PinRemapConfig                      0x08002207   Thumb Code   138  stm32f10x_gpio.o(.text)
    GPIO_EXTILineConfig                      0x08002291   Thumb Code    66  stm32f10x_gpio.o(.text)
    GPIO_ETH_MediaInterfaceConfig            0x080022d3   Thumb Code     8  stm32f10x_gpio.o(.text)
    PWR_DeInit                               0x08002301   Thumb Code    22  stm32f10x_pwr.o(.text)
    PWR_BackupAccessCmd                      0x08002317   Thumb Code     6  stm32f10x_pwr.o(.text)
    PWR_PVDCmd                               0x0800231d   Thumb Code     6  stm32f10x_pwr.o(.text)
    PWR_PVDLevelConfig                       0x08002323   Thumb Code    18  stm32f10x_pwr.o(.text)
    PWR_WakeUpPinCmd                         0x08002335   Thumb Code     8  stm32f10x_pwr.o(.text)
    PWR_EnterSTOPMode                        0x0800233d   Thumb Code    54  stm32f10x_pwr.o(.text)
    PWR_EnterSTANDBYMode                     0x08002373   Thumb Code    42  stm32f10x_pwr.o(.text)
    PWR_GetFlagStatus                        0x0800239d   Thumb Code    20  stm32f10x_pwr.o(.text)
    PWR_ClearFlag                            0x080023b1   Thumb Code    14  stm32f10x_pwr.o(.text)
    RCC_DeInit                               0x080023cd   Thumb Code    64  stm32f10x_rcc.o(.text)
    RCC_HSEConfig                            0x0800240d   Thumb Code    70  stm32f10x_rcc.o(.text)
    RCC_GetFlagStatus                        0x08002453   Thumb Code    56  stm32f10x_rcc.o(.text)
    RCC_WaitForHSEStartUp                    0x0800248b   Thumb Code    56  stm32f10x_rcc.o(.text)
    RCC_AdjustHSICalibrationValue            0x080024c3   Thumb Code    20  stm32f10x_rcc.o(.text)
    RCC_HSICmd                               0x080024d7   Thumb Code     6  stm32f10x_rcc.o(.text)
    RCC_PLLConfig                            0x080024dd   Thumb Code    24  stm32f10x_rcc.o(.text)
    RCC_PLLCmd                               0x080024f5   Thumb Code     6  stm32f10x_rcc.o(.text)
    RCC_SYSCLKConfig                         0x080024fb   Thumb Code    18  stm32f10x_rcc.o(.text)
    RCC_GetSYSCLKSource                      0x0800250d   Thumb Code    10  stm32f10x_rcc.o(.text)
    RCC_HCLKConfig                           0x08002517   Thumb Code    18  stm32f10x_rcc.o(.text)
    RCC_PCLK1Config                          0x08002529   Thumb Code    18  stm32f10x_rcc.o(.text)
    RCC_PCLK2Config                          0x0800253b   Thumb Code    20  stm32f10x_rcc.o(.text)
    RCC_ITConfig                             0x0800254f   Thumb Code    26  stm32f10x_rcc.o(.text)
    RCC_USBCLKConfig                         0x08002569   Thumb Code     8  stm32f10x_rcc.o(.text)
    RCC_ADCCLKConfig                         0x08002571   Thumb Code    18  stm32f10x_rcc.o(.text)
    RCC_LSEConfig                            0x08002583   Thumb Code    50  stm32f10x_rcc.o(.text)
    RCC_LSICmd                               0x080025b5   Thumb Code     6  stm32f10x_rcc.o(.text)
    RCC_RTCCLKConfig                         0x080025bb   Thumb Code    12  stm32f10x_rcc.o(.text)
    RCC_RTCCLKCmd                            0x080025c7   Thumb Code     8  stm32f10x_rcc.o(.text)
    RCC_GetClocksFreq                        0x080025cf   Thumb Code   192  stm32f10x_rcc.o(.text)
    RCC_AHBPeriphClockCmd                    0x0800268f   Thumb Code    26  stm32f10x_rcc.o(.text)
    RCC_APB2PeriphClockCmd                   0x080026a9   Thumb Code    26  stm32f10x_rcc.o(.text)
    RCC_APB1PeriphClockCmd                   0x080026c3   Thumb Code    26  stm32f10x_rcc.o(.text)
    RCC_APB2PeriphResetCmd                   0x080026dd   Thumb Code    26  stm32f10x_rcc.o(.text)
    RCC_APB1PeriphResetCmd                   0x080026f7   Thumb Code    26  stm32f10x_rcc.o(.text)
    RCC_BackupResetCmd                       0x08002711   Thumb Code     8  stm32f10x_rcc.o(.text)
    RCC_ClockSecuritySystemCmd               0x08002719   Thumb Code     6  stm32f10x_rcc.o(.text)
    RCC_MCOConfig                            0x0800271f   Thumb Code     6  stm32f10x_rcc.o(.text)
    RCC_ClearFlag                            0x08002725   Thumb Code    14  stm32f10x_rcc.o(.text)
    RCC_GetITStatus                          0x08002733   Thumb Code    20  stm32f10x_rcc.o(.text)
    RCC_ClearITPendingBit                    0x08002747   Thumb Code     6  stm32f10x_rcc.o(.text)
    TIM_DeInit                               0x08002771   Thumb Code   424  stm32f10x_tim.o(.text)
    TIM_TimeBaseInit                         0x08002919   Thumb Code   122  stm32f10x_tim.o(.text)
    TIM_OC1Init                              0x08002993   Thumb Code   132  stm32f10x_tim.o(.text)
    TIM_OC2Init                              0x08002a17   Thumb Code   154  stm32f10x_tim.o(.text)
    TIM_OC3Init                              0x08002ab1   Thumb Code   150  stm32f10x_tim.o(.text)
    TIM_OC4Init                              0x08002b47   Thumb Code   182  stm32f10x_tim.o(.text)
    TIM_SetIC4Prescaler                      0x08002bfd   Thumb Code    26  stm32f10x_tim.o(.text)
    TIM_SetIC3Prescaler                      0x08002c99   Thumb Code    18  stm32f10x_tim.o(.text)
    TIM_SetIC2Prescaler                      0x08002d25   Thumb Code    26  stm32f10x_tim.o(.text)
    TIM_SetIC1Prescaler                      0x08002dc1   Thumb Code    18  stm32f10x_tim.o(.text)
    TIM_ICInit                               0x08002e3f   Thumb Code   150  stm32f10x_tim.o(.text)
    TIM_PWMIConfig                           0x08002ed5   Thumb Code   124  stm32f10x_tim.o(.text)
    TIM_BDTRConfig                           0x08002f51   Thumb Code    32  stm32f10x_tim.o(.text)
    TIM_TimeBaseStructInit                   0x08002f71   Thumb Code    18  stm32f10x_tim.o(.text)
    TIM_OCStructInit                         0x08002f83   Thumb Code    20  stm32f10x_tim.o(.text)
    TIM_ICStructInit                         0x08002f97   Thumb Code    18  stm32f10x_tim.o(.text)
    TIM_BDTRStructInit                       0x08002fa9   Thumb Code    40  stm32f10x_tim.o(.text)
    TIM_Cmd                                  0x08002fd1   Thumb Code    24  stm32f10x_tim.o(.text)
    TIM_CtrlPWMOutputs                       0x08002fe9   Thumb Code    30  stm32f10x_tim.o(.text)
    TIM_ITConfig                             0x08003007   Thumb Code    18  stm32f10x_tim.o(.text)
    TIM_GenerateEvent                        0x08003019   Thumb Code     4  stm32f10x_tim.o(.text)
    TIM_DMAConfig                            0x0800301d   Thumb Code    10  stm32f10x_tim.o(.text)
    TIM_DMACmd                               0x08003027   Thumb Code    18  stm32f10x_tim.o(.text)
    TIM_InternalClockConfig                  0x08003039   Thumb Code    12  stm32f10x_tim.o(.text)
    TIM_SelectInputTrigger                   0x08003045   Thumb Code    18  stm32f10x_tim.o(.text)
    TIM_ITRxExternalClockConfig              0x08003057   Thumb Code    24  stm32f10x_tim.o(.text)
    TIM_TIxExternalClockConfig               0x0800306f   Thumb Code    62  stm32f10x_tim.o(.text)
    TIM_ETRConfig                            0x080030ad   Thumb Code    28  stm32f10x_tim.o(.text)
    TIM_ETRClockMode1Config                  0x080030c9   Thumb Code    54  stm32f10x_tim.o(.text)
    TIM_ETRClockMode2Config                  0x080030ff   Thumb Code    32  stm32f10x_tim.o(.text)
    TIM_PrescalerConfig                      0x0800311f   Thumb Code     6  stm32f10x_tim.o(.text)
    TIM_CounterModeConfig                    0x08003125   Thumb Code    18  stm32f10x_tim.o(.text)
    TIM_EncoderInterfaceConfig               0x08003137   Thumb Code    66  stm32f10x_tim.o(.text)
    TIM_ForcedOC1Config                      0x08003179   Thumb Code    18  stm32f10x_tim.o(.text)
    TIM_ForcedOC2Config                      0x0800318b   Thumb Code    26  stm32f10x_tim.o(.text)
    TIM_ForcedOC3Config                      0x080031a5   Thumb Code    18  stm32f10x_tim.o(.text)
    TIM_ForcedOC4Config                      0x080031b7   Thumb Code    26  stm32f10x_tim.o(.text)
    TIM_ARRPreloadConfig                     0x080031d1   Thumb Code    24  stm32f10x_tim.o(.text)
    TIM_SelectCOM                            0x080031e9   Thumb Code    24  stm32f10x_tim.o(.text)
    TIM_SelectCCDMA                          0x08003201   Thumb Code    24  stm32f10x_tim.o(.text)
    TIM_CCPreloadControl                     0x08003219   Thumb Code    24  stm32f10x_tim.o(.text)
    TIM_OC1PreloadConfig                     0x08003231   Thumb Code    18  stm32f10x_tim.o(.text)
    TIM_OC2PreloadConfig                     0x08003243   Thumb Code    26  stm32f10x_tim.o(.text)
    TIM_OC3PreloadConfig                     0x0800325d   Thumb Code    18  stm32f10x_tim.o(.text)
    TIM_OC4PreloadConfig                     0x0800326f   Thumb Code    26  stm32f10x_tim.o(.text)
    TIM_OC1FastConfig                        0x08003289   Thumb Code    18  stm32f10x_tim.o(.text)
    TIM_OC2FastConfig                        0x0800329b   Thumb Code    26  stm32f10x_tim.o(.text)
    TIM_OC3FastConfig                        0x080032b5   Thumb Code    18  stm32f10x_tim.o(.text)
    TIM_OC4FastConfig                        0x080032c7   Thumb Code    26  stm32f10x_tim.o(.text)
    TIM_ClearOC1Ref                          0x080032e1   Thumb Code    18  stm32f10x_tim.o(.text)
    TIM_ClearOC2Ref                          0x080032f3   Thumb Code    24  stm32f10x_tim.o(.text)
    TIM_ClearOC3Ref                          0x0800330b   Thumb Code    18  stm32f10x_tim.o(.text)
    TIM_ClearOC4Ref                          0x0800331d   Thumb Code    24  stm32f10x_tim.o(.text)
    TIM_OC1PolarityConfig                    0x08003335   Thumb Code    18  stm32f10x_tim.o(.text)
    TIM_OC1NPolarityConfig                   0x08003347   Thumb Code    18  stm32f10x_tim.o(.text)
    TIM_OC2PolarityConfig                    0x08003359   Thumb Code    26  stm32f10x_tim.o(.text)
    TIM_OC2NPolarityConfig                   0x08003373   Thumb Code    26  stm32f10x_tim.o(.text)
    TIM_OC3PolarityConfig                    0x0800338d   Thumb Code    26  stm32f10x_tim.o(.text)
    TIM_OC3NPolarityConfig                   0x080033a7   Thumb Code    26  stm32f10x_tim.o(.text)
    TIM_OC4PolarityConfig                    0x080033c1   Thumb Code    26  stm32f10x_tim.o(.text)
    TIM_CCxCmd                               0x080033db   Thumb Code    30  stm32f10x_tim.o(.text)
    TIM_CCxNCmd                              0x080033f9   Thumb Code    30  stm32f10x_tim.o(.text)
    TIM_SelectOCxM                           0x08003417   Thumb Code    82  stm32f10x_tim.o(.text)
    TIM_UpdateDisableConfig                  0x08003469   Thumb Code    24  stm32f10x_tim.o(.text)
    TIM_UpdateRequestConfig                  0x08003481   Thumb Code    24  stm32f10x_tim.o(.text)
    TIM_SelectHallSensor                     0x08003499   Thumb Code    24  stm32f10x_tim.o(.text)
    TIM_SelectOnePulseMode                   0x080034b1   Thumb Code    18  stm32f10x_tim.o(.text)
    TIM_SelectOutputTrigger                  0x080034c3   Thumb Code    18  stm32f10x_tim.o(.text)
    TIM_SelectSlaveMode                      0x080034d5   Thumb Code    18  stm32f10x_tim.o(.text)
    TIM_SelectMasterSlaveMode                0x080034e7   Thumb Code    18  stm32f10x_tim.o(.text)
    TIM_SetCounter                           0x080034f9   Thumb Code     4  stm32f10x_tim.o(.text)
    TIM_SetAutoreload                        0x080034fd   Thumb Code     4  stm32f10x_tim.o(.text)
    TIM_SetCompare1                          0x08003501   Thumb Code     4  stm32f10x_tim.o(.text)
    TIM_SetCompare2                          0x08003505   Thumb Code     4  stm32f10x_tim.o(.text)
    TIM_SetCompare3                          0x08003509   Thumb Code     4  stm32f10x_tim.o(.text)
    TIM_SetCompare4                          0x0800350d   Thumb Code     6  stm32f10x_tim.o(.text)
    TIM_SetClockDivision                     0x08003513   Thumb Code    18  stm32f10x_tim.o(.text)
    TIM_GetCapture1                          0x08003525   Thumb Code     6  stm32f10x_tim.o(.text)
    TIM_GetCapture2                          0x0800352b   Thumb Code     6  stm32f10x_tim.o(.text)
    TIM_GetCapture3                          0x08003531   Thumb Code     6  stm32f10x_tim.o(.text)
    TIM_GetCapture4                          0x08003537   Thumb Code     8  stm32f10x_tim.o(.text)
    TIM_GetCounter                           0x0800353f   Thumb Code     6  stm32f10x_tim.o(.text)
    TIM_GetPrescaler                         0x08003545   Thumb Code     6  stm32f10x_tim.o(.text)
    TIM_GetFlagStatus                        0x0800354b   Thumb Code    18  stm32f10x_tim.o(.text)
    TIM_ClearFlag                            0x0800355d   Thumb Code     6  stm32f10x_tim.o(.text)
    TIM_GetITStatus                          0x08003563   Thumb Code    34  stm32f10x_tim.o(.text)
    TIM_ClearITPendingBit                    0x08003585   Thumb Code     6  stm32f10x_tim.o(.text)
    USART_DeInit                             0x0800358d   Thumb Code   134  stm32f10x_usart.o(.text)
    USART_Init                               0x08003613   Thumb Code   210  stm32f10x_usart.o(.text)
    USART_StructInit                         0x080036e5   Thumb Code    24  stm32f10x_usart.o(.text)
    USART_ClockInit                          0x080036fd   Thumb Code    34  stm32f10x_usart.o(.text)
    USART_ClockStructInit                    0x0800371f   Thumb Code    12  stm32f10x_usart.o(.text)
    USART_Cmd                                0x0800372b   Thumb Code    24  stm32f10x_usart.o(.text)
    USART_ITConfig                           0x08003743   Thumb Code    74  stm32f10x_usart.o(.text)
    USART_DMACmd                             0x0800378d   Thumb Code    18  stm32f10x_usart.o(.text)
    USART_SetAddress                         0x0800379f   Thumb Code    18  stm32f10x_usart.o(.text)
    USART_WakeUpConfig                       0x080037b1   Thumb Code    18  stm32f10x_usart.o(.text)
    USART_ReceiverWakeUpCmd                  0x080037c3   Thumb Code    24  stm32f10x_usart.o(.text)
    USART_LINBreakDetectLengthConfig         0x080037db   Thumb Code    18  stm32f10x_usart.o(.text)
    USART_LINCmd                             0x080037ed   Thumb Code    24  stm32f10x_usart.o(.text)
    USART_SendData                           0x08003805   Thumb Code     8  stm32f10x_usart.o(.text)
    USART_ReceiveData                        0x0800380d   Thumb Code    10  stm32f10x_usart.o(.text)
    USART_SendBreak                          0x08003817   Thumb Code    10  stm32f10x_usart.o(.text)
    USART_SetGuardTime                       0x08003821   Thumb Code    16  stm32f10x_usart.o(.text)
    USART_SetPrescaler                       0x08003831   Thumb Code    16  stm32f10x_usart.o(.text)
    USART_SmartCardCmd                       0x08003841   Thumb Code    24  stm32f10x_usart.o(.text)
    USART_SmartCardNACKCmd                   0x08003859   Thumb Code    24  stm32f10x_usart.o(.text)
    USART_HalfDuplexCmd                      0x08003871   Thumb Code    24  stm32f10x_usart.o(.text)
    USART_OverSampling8Cmd                   0x08003889   Thumb Code    22  stm32f10x_usart.o(.text)
    USART_OneBitMethodCmd                    0x0800389f   Thumb Code    24  stm32f10x_usart.o(.text)
    USART_IrDAConfig                         0x080038b7   Thumb Code    18  stm32f10x_usart.o(.text)
    USART_IrDACmd                            0x080038c9   Thumb Code    24  stm32f10x_usart.o(.text)
    USART_GetFlagStatus                      0x080038e1   Thumb Code    26  stm32f10x_usart.o(.text)
    USART_ClearFlag                          0x080038fb   Thumb Code    18  stm32f10x_usart.o(.text)
    USART_GetITStatus                        0x0800390d   Thumb Code    84  stm32f10x_usart.o(.text)
    USART_ClearITPendingBit                  0x08003961   Thumb Code    52  stm32f10x_usart.o(.text)
    SysTick_Handler                          0x08003995   Thumb Code    26  delay.o(.text)
    delay_init                               0x080039af   Thumb Code   120  delay.o(.text)
    delay_us                                 0x08003a27   Thumb Code    72  delay.o(.text)
    delay_ms                                 0x08003a6f   Thumb Code    72  delay.o(.text)
    delayMs_NOWait                           0x08003ab7   Thumb Code    12  delay.o(.text)
    _sys_exit                                0x08003ae9   Thumb Code     6  usart.o(.text)
    fputc                                    0x08003aef   Thumb Code    54  usart.o(.text)
    uart_init                                0x08003b25   Thumb Code   130  usart.o(.text)
    MY_NVIC_SetVectorTable                   0x08003bb9   Thumb Code    12  sys.o(.text)
    MY_NVIC_PriorityGroupConfig              0x08003bc5   Thumb Code    36  sys.o(.text)
    MY_NVIC_Init                             0x08003be9   Thumb Code   116  sys.o(.text)
    Ex_NVIC_Config                           0x08003c5d   Thumb Code   146  sys.o(.text)
    MYRCC_DeInit                             0x08003cef   Thumb Code    90  sys.o(.text)
    Sys_Standby                              0x08003d49   Thumb Code    68  sys.o(.text)
    Sys_Soft_Reset                           0x08003d8d   Thumb Code    12  sys.o(.text)
    JTAG_Set                                 0x08003d99   Thumb Code    42  sys.o(.text)
    Stm32_Clock_Init                         0x08003dc3   Thumb Code   134  sys.o(.text)
    LED_Init                                 0x08003e75   Thumb Code    38  led.o(.text)
    Led_Flash                                0x08003e9b   Thumb Code    44  led.o(.text)
    KEY_Init                                 0x08003ed9   Thumb Code    32  key.o(.text)
    click_N_Double                           0x08003ef9   Thumb Code   184  key.o(.text)
    click                                    0x08003fb1   Thumb Code    38  key.o(.text)
    Long_Press                               0x08003fd7   Thumb Code    72  key.o(.text)
    OLED_WR_Byte                             0x08004049   Thumb Code    82  oled.o(.text)
    OLED_Refresh_Gram                        0x0800409b   Thumb Code    70  oled.o(.text)
    OLED_Display_On                          0x080040e1   Thumb Code    28  oled.o(.text)
    OLED_Display_Off                         0x080040fd   Thumb Code    28  oled.o(.text)
    OLED_Clear                               0x08004119   Thumb Code    42  oled.o(.text)
    OLED_DrawPoint                           0x08004143   Thumb Code   100  oled.o(.text)
    OLED_ShowChar                            0x080041a7   Thumb Code   158  oled.o(.text)
    oled_pow                                 0x08004245   Thumb Code    22  oled.o(.text)
    OLED_ShowNumber                          0x0800425b   Thumb Code   148  oled.o(.text)
    OLED_ShowString                          0x080042ef   Thumb Code    68  oled.o(.text)
    OLED_Init                                0x08004333   Thumb Code   324  oled.o(.text)
    Adc_Init                                 0x08004479   Thumb Code   132  adc.o(.text)
    Get_Adc                                  0x080044fd   Thumb Code     6  adc.o(.text)
    Get_SampleValue                          0x08004503   Thumb Code     6  adc.o(.text)
    Get_battery_volt                         0x08004509   Thumb Code    70  adc.o(.text)
    TIM3_Cap_Init                            0x0800456d   Thumb Code   174  timer.o(.text)
    Read_Distane                             0x0800461b   Thumb Code    94  timer.o(.text)
    TIM3_IRQHandler                          0x08004679   Thumb Code   186  timer.o(.text)
    TIM8_Cap_Init                            0x08004733   Thumb Code   212  timer.o(.text)
    TIM8_CC_IRQHandler                       0x08004807   Thumb Code   294  timer.o(.text)
    TIM8_UP_IRQHandler                       0x0800492d   Thumb Code    12  timer.o(.text)
    Config_TIMER                             0x08004939   Thumb Code   434  timer.o(.text)
    Get_TimerInfo                            0x08004aeb   Thumb Code    14  timer.o(.text)
    Timer_Register                           0x08004af9   Thumb Code   124  timer.o(.text)
    TIM5_IRQHandler                          0x08004b75   Thumb Code    70  timer.o(.text)
    TIM7_IRQHandler                          0x08004bbb   Thumb Code    68  timer.o(.text)
    DelayLoop                                0x08004bff   Thumb Code   116  timer.o(.text)
    ConfigDelayModuleNum                     0x08004c73   Thumb Code    22  timer.o(.text)
    GetDelayIdFunction                       0x08004c89   Thumb Code    72  timer.o(.text)
    SetCountTime                             0x08004cd1   Thumb Code    30  timer.o(.text)
    StartDelayCount                          0x08004cef   Thumb Code    28  timer.o(.text)
    StopDelayCount                           0x08004d0b   Thumb Code    30  timer.o(.text)
    ReturnSuccess                            0x08004d29   Thumb Code    28  timer.o(.text)
    ReturnCurCount                           0x08004d45   Thumb Code    28  timer.o(.text)
    ClearDelaySucFlag                        0x08004d61   Thumb Code    42  timer.o(.text)
    MiniBalance_Motor_Init                   0x08004dad   Thumb Code    76  motor.o(.text)
    MiniBalance_PWM_Init                     0x08004df9   Thumb Code   164  motor.o(.text)
    Encoder_Init_TIM2                        0x08004ea9   Thumb Code   154  encoder.o(.text)
    Encoder_Init_TIM4                        0x08004f43   Thumb Code   148  encoder.o(.text)
    Read_Encoder                             0x08004fd7   Thumb Code    58  encoder.o(.text)
    TIM4_IRQHandler                          0x08005011   Thumb Code    32  encoder.o(.text)
    TIM2_IRQHandler                          0x08005031   Thumb Code    28  encoder.o(.text)
    IIC_Init                                 0x0800505d   Thumb Code    40  ioi2c.o(.text)
    IIC_Start                                0x08005085   Thumb Code    96  ioi2c.o(.text)
    IIC_Stop                                 0x080050e5   Thumb Code    68  ioi2c.o(.text)
    IIC_Wait_Ack                             0x08005129   Thumb Code    96  ioi2c.o(.text)
    IIC_Ack                                  0x08005189   Thumb Code    72  ioi2c.o(.text)
    IIC_NAck                                 0x080051d1   Thumb Code    70  ioi2c.o(.text)
    IIC_Send_Byte                            0x08005217   Thumb Code    94  ioi2c.o(.text)
    i2cWrite                                 0x08005275   Thumb Code    96  ioi2c.o(.text)
    IIC_Read_Byte                            0x080052d5   Thumb Code   104  ioi2c.o(.text)
    i2cRead                                  0x0800533d   Thumb Code   118  ioi2c.o(.text)
    I2C_ReadOneByte                          0x080053b3   Thumb Code    70  ioi2c.o(.text)
    IICreadBytes                             0x080053f9   Thumb Code   112  ioi2c.o(.text)
    IICwriteBytes                            0x08005469   Thumb Code    70  ioi2c.o(.text)
    IICreadByte                              0x080054af   Thumb Code    22  ioi2c.o(.text)
    IICwriteByte                             0x080054c5   Thumb Code    20  ioi2c.o(.text)
    IICwriteBits                             0x080054d9   Thumb Code   106  ioi2c.o(.text)
    IICwriteBit                              0x08005543   Thumb Code    64  ioi2c.o(.text)
    MiniBalance_EXTI_Init                    0x08005585   Thumb Code   102  exti.o(.text)
    STMFLASH_Unlock                          0x080055f1   Thumb Code    12  stmflash.o(.text)
    STMFLASH_Lock                            0x080055fd   Thumb Code    14  stmflash.o(.text)
    STMFLASH_GetStatus                       0x0800560b   Thumb Code    38  stmflash.o(.text)
    STMFLASH_WaitDone                        0x08005631   Thumb Code    42  stmflash.o(.text)
    STMFLASH_ErasePage                       0x0800565b   Thumb Code    72  stmflash.o(.text)
    STMFLASH_WriteHalfWord                   0x080056a3   Thumb Code    58  stmflash.o(.text)
    STMFLASH_ReadHalfWord                    0x080056dd   Thumb Code     6  stmflash.o(.text)
    STMFLASH_Write_NoCheck                   0x080056e3   Thumb Code    38  stmflash.o(.text)
    STMFLASH_Read                            0x08005709   Thumb Code    34  stmflash.o(.text)
    STMFLASH_Write                           0x0800572b   Thumb Code   224  stmflash.o(.text)
    Test_Write                               0x0800580b   Thumb Code    16  stmflash.o(.text)
    Flash_Read                               0x0800581b   Thumb Code   156  stmflash.o(.text)
    Flash_Write                              0x080058b7   Thumb Code    92  stmflash.o(.text)
    uart1_init                               0x08005959   Thumb Code   158  usartx.o(.text)
    USART1_IRQHandler                        0x080059f7   Thumb Code  1068  usartx.o(.text)
    CAN1_Mode_Init                           0x08005e45   Thumb Code   472  can.o(.text)
    CAN1_Tx_Msg                              0x0800601d   Thumb Code   296  can.o(.text)
    CAN1_Tx_Staus                            0x08006145   Thumb Code   144  can.o(.text)
    CAN1_Msg_Pend                            0x080061d5   Thumb Code    36  can.o(.text)
    CAN1_Rx_Msg                              0x080061f9   Thumb Code   248  can.o(.text)
    USB_LP_CAN1_RX0_IRQHandler               0x080062f1   Thumb Code   234  can.o(.text)
    CAN1_Send_Msg                            0x080063db   Thumb Code    66  can.o(.text)
    CAN1_Receive_Msg                         0x0800641d   Thumb Code    66  can.o(.text)
    CAN1_Send_MsgTEST                        0x0800645f   Thumb Code    66  can.o(.text)
    CAN1_Send_Num                            0x080064a1   Thumb Code    64  can.o(.text)
    CAN1_SEND                                0x080064e1   Thumb Code     2  can.o(.text)
    updateEcoderDelta                        0x08006509   Thumb Code   220  control.o(.text)
    myabs                                    0x080065e5   Thumb Code    14  control.o(.text)
    Set_Pwm                                  0x080065f3   Thumb Code    98  control.o(.text)
    Turn_Off                                 0x08006655   Thumb Code   142  control.o(.text)
    Put_Down                                 0x080066e3   Thumb Code   150  control.o(.text)
    Pick_Up                                  0x08006779   Thumb Code   222  control.o(.text)
    Xianfu_Pwm                               0x08006857   Thumb Code    98  control.o(.text)
    turn                                     0x080068b9   Thumb Code   496  control.o(.text)
    velocity                                 0x08006aa9   Thumb Code   554  control.o(.text)
    balance                                  0x08006cd3   Thumb Code    64  control.o(.text)
    Get_Angle                                0x08006d13   Thumb Code   648  control.o(.text)
    EXTI2_IRQHandler                         0x08006f9b   Thumb Code   396  control.o(.text)
    Key                                      0x08007127   Thumb Code    80  control.o(.text)
    Get_MC6                                  0x08007177   Thumb Code   572  control.o(.text)
    mpu_reg_dump                             0x08007447   Thumb Code    72  inv_mpu.o(.text)
    mpu_read_reg                             0x0800748f   Thumb Code    66  inv_mpu.o(.text)
    mpu_set_int_latched                      0x080074d1   Thumb Code   102  inv_mpu.o(.text)
    mpu_set_sensors                          0x08007537   Thumb Code   202  inv_mpu.o(.text)
    mpu_set_bypass                           0x08007601   Thumb Code   328  inv_mpu.o(.text)
    mpu_reset_fifo                           0x08007749   Thumb Code   444  inv_mpu.o(.text)
    mpu_configure_fifo                       0x08007905   Thumb Code   106  inv_mpu.o(.text)
    mpu_set_lpf                              0x0800796f   Thumb Code   126  inv_mpu.o(.text)
    mpu_lp_accel_mode                        0x080079ed   Thumb Code   218  inv_mpu.o(.text)
    mpu_set_sample_rate                      0x08007ac7   Thumb Code   152  inv_mpu.o(.text)
    mpu_set_accel_fsr                        0x08007b5f   Thumb Code   132  inv_mpu.o(.text)
    mpu_set_gyro_fsr                         0x08007be3   Thumb Code   132  inv_mpu.o(.text)
    mpu_init                                 0x08007c67   Thumb Code   416  inv_mpu.o(.text)
    myget_ms                                 0x08007e07   Thumb Code     2  inv_mpu.o(.text)
    mpu_get_gyro_reg                         0x08007e09   Thumb Code   110  inv_mpu.o(.text)
    mpu_get_accel_reg                        0x08007e77   Thumb Code   110  inv_mpu.o(.text)
    mpu_get_temperature                      0x08007ee5   Thumb Code   150  inv_mpu.o(.text)
    mpu_set_accel_bias                       0x08007f7b   Thumb Code   468  inv_mpu.o(.text)
    mpu_get_gyro_fsr                         0x0800814f   Thumb Code    64  inv_mpu.o(.text)
    mpu_get_accel_fsr                        0x0800818f   Thumb Code    72  inv_mpu.o(.text)
    mpu_get_lpf                              0x080081d7   Thumb Code    74  inv_mpu.o(.text)
    mpu_get_sample_rate                      0x08008221   Thumb Code    26  inv_mpu.o(.text)
    mpu_get_compass_sample_rate              0x0800823b   Thumb Code    10  inv_mpu.o(.text)
    mpu_set_compass_sample_rate              0x08008245   Thumb Code     8  inv_mpu.o(.text)
    mpu_get_gyro_sens                        0x0800824d   Thumb Code    58  inv_mpu.o(.text)
    mpu_get_accel_sens                       0x08008287   Thumb Code    78  inv_mpu.o(.text)
    mpu_get_fifo_config                      0x080082d5   Thumb Code    12  inv_mpu.o(.text)
    mpu_get_power_state                      0x080082e1   Thumb Code    22  inv_mpu.o(.text)
    mpu_get_int_status                       0x080082f7   Thumb Code    64  inv_mpu.o(.text)
    mpu_read_fifo                            0x08008337   Thumb Code   520  inv_mpu.o(.text)
    mpu_read_fifo_stream                     0x0800853f   Thumb Code   186  inv_mpu.o(.text)
    mpu_set_int_level                        0x080085f9   Thumb Code    12  inv_mpu.o(.text)
    mpu_set_dmp_state                        0x08008cd9   Thumb Code   138  inv_mpu.o(.text)
    mpu_run_self_test                        0x08008d63   Thumb Code   278  inv_mpu.o(.text)
    mpu_write_mem                            0x08008e79   Thumb Code   122  inv_mpu.o(.text)
    mpu_read_mem                             0x08008ef3   Thumb Code   122  inv_mpu.o(.text)
    mpu_load_firmware                        0x08008f6d   Thumb Code   190  inv_mpu.o(.text)
    mpu_get_dmp_state                        0x0800902b   Thumb Code    14  inv_mpu.o(.text)
    mpu_get_compass_reg                      0x08009039   Thumb Code     8  inv_mpu.o(.text)
    mpu_get_compass_fsr                      0x08009041   Thumb Code     8  inv_mpu.o(.text)
    mpu_lp_motion_interrupt                  0x08009049   Thumb Code   512  inv_mpu.o(.text)
    dmp_load_motion_driver_firmware          0x0800924d   Thumb Code    20  inv_mpu_dmp_motion_driver.o(.text)
    dmp_set_orientation                      0x08009261   Thumb Code   290  inv_mpu_dmp_motion_driver.o(.text)
    dmp_set_gyro_bias                        0x08009383   Thumb Code   294  inv_mpu_dmp_motion_driver.o(.text)
    dmp_set_accel_bias                       0x080094a9   Thumb Code   300  inv_mpu_dmp_motion_driver.o(.text)
    dmp_set_fifo_rate                        0x080095d5   Thumb Code   136  inv_mpu_dmp_motion_driver.o(.text)
    dmp_get_fifo_rate                        0x0800965d   Thumb Code    12  inv_mpu_dmp_motion_driver.o(.text)
    dmp_set_tap_thresh                       0x08009669   Thumb Code   396  inv_mpu_dmp_motion_driver.o(.text)
    dmp_set_tap_axes                         0x080097f5   Thumb Code    70  inv_mpu_dmp_motion_driver.o(.text)
    dmp_set_tap_count                        0x0800983b   Thumb Code    38  inv_mpu_dmp_motion_driver.o(.text)
    dmp_set_tap_time                         0x08009861   Thumb Code    38  inv_mpu_dmp_motion_driver.o(.text)
    dmp_set_tap_time_multi                   0x08009887   Thumb Code    38  inv_mpu_dmp_motion_driver.o(.text)
    dmp_set_shake_reject_thresh              0x080098ad   Thumb Code    56  inv_mpu_dmp_motion_driver.o(.text)
    dmp_set_shake_reject_time                0x080098e5   Thumb Code    38  inv_mpu_dmp_motion_driver.o(.text)
    dmp_set_shake_reject_timeout             0x0800990b   Thumb Code    38  inv_mpu_dmp_motion_driver.o(.text)
    dmp_get_pedometer_step_count             0x08009931   Thumb Code    66  inv_mpu_dmp_motion_driver.o(.text)
    dmp_set_pedometer_step_count             0x08009973   Thumb Code    42  inv_mpu_dmp_motion_driver.o(.text)
    dmp_get_pedometer_walk_time              0x0800999d   Thumb Code    72  inv_mpu_dmp_motion_driver.o(.text)
    dmp_set_pedometer_walk_time              0x080099e5   Thumb Code    48  inv_mpu_dmp_motion_driver.o(.text)
    dmp_enable_6x_lp_quat                    0x08009a15   Thumb Code    84  inv_mpu_dmp_motion_driver.o(.text)
    dmp_enable_lp_quat                       0x08009a69   Thumb Code    60  inv_mpu_dmp_motion_driver.o(.text)
    dmp_enable_gyro_cal                      0x08009aa5   Thumb Code    62  inv_mpu_dmp_motion_driver.o(.text)
    dmp_enable_feature                       0x08009ae3   Thumb Code   530  inv_mpu_dmp_motion_driver.o(.text)
    dmp_get_enabled_features                 0x08009cf5   Thumb Code    12  inv_mpu_dmp_motion_driver.o(.text)
    dmp_set_interrupt_mode                   0x08009d5f   Thumb Code    66  inv_mpu_dmp_motion_driver.o(.text)
    dmp_read_fifo                            0x08009da1   Thumb Code   514  inv_mpu_dmp_motion_driver.o(.text)
    dmp_register_tap_cb                      0x08009fa3   Thumb Code    10  inv_mpu_dmp_motion_driver.o(.text)
    dmp_register_android_orient_cb           0x08009fad   Thumb Code    10  inv_mpu_dmp_motion_driver.o(.text)
    Kalman_Filter                            0x08009fbd   Thumb Code   558  filter.o(.text)
    Yijielvbo                                0x0800a1eb   Thumb Code   132  filter.o(.text)
    MPU6050_newValues                        0x0800a3d1   Thumb Code   494  mpu6050.o(.text)
    MPU6050_setClockSource                   0x0800a5bf   Thumb Code    20  mpu6050.o(.text)
    MPU6050_setFullScaleGyroRange            0x0800a5d3   Thumb Code    20  mpu6050.o(.text)
    MPU6050_setFullScaleAccelRange           0x0800a5e7   Thumb Code    20  mpu6050.o(.text)
    MPU6050_setSleepEnabled                  0x0800a5fb   Thumb Code    18  mpu6050.o(.text)
    MPU6050_getDeviceID                      0x0800a60d   Thumb Code    20  mpu6050.o(.text)
    MPU6050_testConnection                   0x0800a621   Thumb Code    18  mpu6050.o(.text)
    MPU6050_setI2CMasterModeEnabled          0x0800a633   Thumb Code    18  mpu6050.o(.text)
    MPU6050_setI2CBypassEnabled              0x0800a645   Thumb Code    18  mpu6050.o(.text)
    MPU6050_initialize                       0x0800a657   Thumb Code    40  mpu6050.o(.text)
    DMP_Init                                 0x0800a67f   Thumb Code   202  mpu6050.o(.text)
    Read_DMP                                 0x0800a749   Thumb Code   806  mpu6050.o(.text)
    Read_Temperature                         0x0800aa6f   Thumb Code   110  mpu6050.o(.text)
    oled_show                                0x0800ab09   Thumb Code   374  show.o(.text)
    APP_Show                                 0x0800ac7f   Thumb Code   312  show.o(.text)
    DataScope                                0x0800adb7   Thumb Code   136  show.o(.text)
    Float2Byte                               0x0800af1d   Thumb Code    28  datascope_dp.o(.text)
    DataScope_Get_Channel_Data               0x0800af39   Thumb Code   158  datascope_dp.o(.text)
    DataScope_Data_Generate                  0x0800afd7   Thumb Code   148  datascope_dp.o(.text)
    initialLabyrinthConfig                   0x0800b071   Thumb Code    34  labyrinth.o(.text)
    pulseCount2Distance                      0x0800b093   Thumb Code    30  labyrinth.o(.text)
    distance2PulseCount                      0x0800b0b1   Thumb Code    30  labyrinth.o(.text)
    GetPulseAngle                            0x0800b0cf   Thumb Code    42  labyrinth.o(.text)
    calcPulseForTurnSemiCircle               0x0800b0f9   Thumb Code    14  labyrinth.o(.text)
    calcPulseForTurnRound                    0x0800b107   Thumb Code    14  labyrinth.o(.text)
    clearRememberParams                      0x0800b115   Thumb Code    16  labyrinth.o(.text)
    carMoveTurnLeft                          0x0800b125   Thumb Code    36  labyrinth.o(.text)
    carMoveForward                           0x0800b149   Thumb Code    36  labyrinth.o(.text)
    carStopping                              0x0800b16d   Thumb Code    24  labyrinth.o(.text)
    CheckMovingForwardIsEnd                  0x0800b185   Thumb Code    80  labyrinth.o(.text)
    CheckTurningIsEnd                        0x0800b1d5   Thumb Code   334  labyrinth.o(.text)
    labyrinthAlgorithmMain                   0x0800b323   Thumb Code   218  labyrinth.o(.text)
    __aeabi_ldivmod                          0x0800b465   Thumb Code    98  ldiv.o(.text)
    __aeabi_memset                           0x0800b4c7   Thumb Code    14  memseta.o(.text)
    __aeabi_memset4                          0x0800b4c7   Thumb Code     0  memseta.o(.text)
    __aeabi_memset8                          0x0800b4c7   Thumb Code     0  memseta.o(.text)
    __aeabi_memclr                           0x0800b4d5   Thumb Code     4  memseta.o(.text)
    __aeabi_memclr4                          0x0800b4d5   Thumb Code     0  memseta.o(.text)
    __aeabi_memclr8                          0x0800b4d5   Thumb Code     0  memseta.o(.text)
    _memset$wrapper                          0x0800b4d9   Thumb Code    18  memseta.o(.text)
    memcmp                                   0x0800b4eb   Thumb Code    26  memcmp.o(.text)
    __aeabi_fadd                             0x0800b505   Thumb Code   164  fadd.o(.text)
    __aeabi_fsub                             0x0800b5a9   Thumb Code     6  fadd.o(.text)
    __aeabi_frsub                            0x0800b5af   Thumb Code     6  fadd.o(.text)
    __aeabi_fmul                             0x0800b5b5   Thumb Code   100  fmul.o(.text)
    __aeabi_fdiv                             0x0800b619   Thumb Code   124  fdiv.o(.text)
    __aeabi_dadd                             0x0800b695   Thumb Code   322  dadd.o(.text)
    __aeabi_dsub                             0x0800b7d7   Thumb Code     6  dadd.o(.text)
    __aeabi_drsub                            0x0800b7dd   Thumb Code     6  dadd.o(.text)
    __aeabi_dmul                             0x0800b7e3   Thumb Code   228  dmul.o(.text)
    __aeabi_ddiv                             0x0800b8c7   Thumb Code   222  ddiv.o(.text)
    __aeabi_i2f                              0x0800b9a5   Thumb Code    18  fflti.o(.text)
    __aeabi_ui2f                             0x0800b9b7   Thumb Code    10  ffltui.o(.text)
    __aeabi_i2d                              0x0800b9c1   Thumb Code    34  dflti.o(.text)
    __aeabi_ui2d                             0x0800b9e3   Thumb Code    26  dfltui.o(.text)
    __aeabi_f2iz                             0x0800b9fd   Thumb Code    50  ffixi.o(.text)
    __aeabi_f2uiz                            0x0800ba2f   Thumb Code    40  ffixui.o(.text)
    __aeabi_d2iz                             0x0800ba57   Thumb Code    62  dfixi.o(.text)
    __aeabi_d2uiz                            0x0800ba95   Thumb Code    50  dfixui.o(.text)
    __aeabi_f2d                              0x0800bac7   Thumb Code    38  f2d.o(.text)
    __aeabi_cdcmpeq                          0x0800baed   Thumb Code     0  cdcmple.o(.text)
    __aeabi_cdcmple                          0x0800baed   Thumb Code    48  cdcmple.o(.text)
    __aeabi_d2f                              0x0800bb1d   Thumb Code    56  d2f.o(.text)
    __aeabi_cfcmpeq                          0x0800bb55   Thumb Code     0  cfcmple.o(.text)
    __aeabi_cfcmple                          0x0800bb55   Thumb Code    20  cfcmple.o(.text)
    __aeabi_cfrcmple                         0x0800bb69   Thumb Code    20  cfrcmple.o(.text)
    __aeabi_uidiv                            0x0800bb7d   Thumb Code     0  uidiv.o(.text)
    __aeabi_uidivmod                         0x0800bb7d   Thumb Code    44  uidiv.o(.text)
    __aeabi_uldivmod                         0x0800bba9   Thumb Code    98  uldiv.o(.text)
    __aeabi_llsl                             0x0800bc0b   Thumb Code    30  llshl.o(.text)
    _ll_shift_l                              0x0800bc0b   Thumb Code     0  llshl.o(.text)
    __aeabi_llsr                             0x0800bc29   Thumb Code    32  llushr.o(.text)
    _ll_ushift_r                             0x0800bc29   Thumb Code     0  llushr.o(.text)
    __aeabi_lasr                             0x0800bc49   Thumb Code    36  llsshr.o(.text)
    _ll_sshift_r                             0x0800bc49   Thumb Code     0  llsshr.o(.text)
    __I$use$fp                               0x0800bc6d   Thumb Code     0  iusefp.o(.text)
    _float_round                             0x0800bc6d   Thumb Code    18  fepilogue.o(.text)
    _float_epilogue                          0x0800bc7f   Thumb Code    92  fepilogue.o(.text)
    _double_round                            0x0800bcdb   Thumb Code    30  depilogue.o(.text)
    _double_epilogue                         0x0800bcf9   Thumb Code   156  depilogue.o(.text)
    __ARM_scalbn                             0x0800bd95   Thumb Code    46  dscalb.o(.text)
    scalbn                                   0x0800bd95   Thumb Code     0  dscalb.o(.text)
    __aeabi_cdrcmple                         0x0800bdc5   Thumb Code    48  cdrcmple.o(.text)
    __scatterload                            0x0800bdf5   Thumb Code    28  init.o(.text)
    __scatterload_rt2                        0x0800bdf5   Thumb Code     0  init.o(.text)
    _dsqrt                                   0x0800be19   Thumb Code   162  dsqrt.o(.text)
    __decompress                             0x0800bebb   Thumb Code     0  __dczerorl2.o(.text)
    __decompress1                            0x0800bebb   Thumb Code    86  __dczerorl2.o(.text)
    __0printf$1                              0x0800bf11   Thumb Code    22  printf1.o(i.__0printf$1)
    __1printf$1                              0x0800bf11   Thumb Code     0  printf1.o(i.__0printf$1)
    __2printf                                0x0800bf11   Thumb Code     0  printf1.o(i.__0printf$1)
    __ARM_fpclassify                         0x0800bf31   Thumb Code    40  fpclassify.o(i.__ARM_fpclassify)
    __kernel_poly                            0x0800bf59   Thumb Code   170  poly.o(i.__kernel_poly)
    __mathlib_dbl_divzero                    0x0800c005   Thumb Code    12  dunder.o(i.__mathlib_dbl_divzero)
    __mathlib_dbl_infnan                     0x0800c015   Thumb Code     6  dunder.o(i.__mathlib_dbl_infnan)
    __mathlib_dbl_infnan2                    0x0800c01b   Thumb Code     4  dunder.o(i.__mathlib_dbl_infnan2)
    __mathlib_dbl_invalid                    0x0800c01f   Thumb Code    12  dunder.o(i.__mathlib_dbl_invalid)
    __mathlib_dbl_overflow                   0x0800c02b   Thumb Code    14  dunder.o(i.__mathlib_dbl_overflow)
    __mathlib_dbl_underflow                  0x0800c039   Thumb Code    10  dunder.o(i.__mathlib_dbl_underflow)
    __scatterload_copy                       0x0800c049   Thumb Code    14  handlers.o(i.__scatterload_copy)
    __scatterload_null                       0x0800c057   Thumb Code     2  handlers.o(i.__scatterload_null)
    __scatterload_zeroinit                   0x0800c059   Thumb Code    14  handlers.o(i.__scatterload_zeroinit)
    __set_errno                              0x0800c069   Thumb Code     6  errno.o(i.__set_errno)
    asin                                     0x0800c1c9   Thumb Code   572  asin.o(i.asin)
    atan                                     0x0800c439   Thumb Code   474  atan.o(i.atan)
    atan2                                    0x0800c659   Thumb Code   346  atan2.o(i.atan2)
    pow                                      0x0800c7d9   Thumb Code  2478  pow.o(i.pow)
    sqrt                                     0x0800d191   Thumb Code    76  sqrt.o(i.sqrt)
    Temp_ADC                                 0x0800d1dc   Data         544  sensor_test.o(.constdata)
    oled_asc2_1206                           0x0800d3fc   Data        1140  oled.o(.constdata)
    oled_asc2_1608                           0x0800d870   Data        1520  oled.o(.constdata)
    hw                                       0x0800de60   Data          12  inv_mpu.o(.constdata)
    reg                                      0x0800de6c   Data          27  inv_mpu.o(.constdata)
    test                                     0x0800de88   Data          40  inv_mpu.o(.constdata)
    __mathlib_zero                           0x0800ec18   Data           8  qnan.o(.constdata)
    Region$$Table$$Base                      0x0800ec70   Number         0  anon$$obj.o(Region$$Table)
    Region$$Table$$Limit                     0x0800ec90   Number         0  anon$$obj.o(Region$$Table)
    Way_Angle                                0x20000000   Data           1  main.o(.data)
    Flag_Qian                                0x20000001   Data           1  main.o(.data)
    Flag_Hou                                 0x20000002   Data           1  main.o(.data)
    Flag_Left                                0x20000003   Data           1  main.o(.data)
    Flag_Right                               0x20000004   Data           1  main.o(.data)
    Flag_sudu                                0x20000005   Data           1  main.o(.data)
    Flag_Stop                                0x20000006   Data           1  main.o(.data)
    Flag_Show                                0x20000007   Data           1  main.o(.data)
    Flag_Hover                               0x20000008   Data           1  main.o(.data)
    Encoder_Left                             0x2000000c   Data           4  main.o(.data)
    Encoder_Right                            0x20000010   Data           4  main.o(.data)
    Moto1                                    0x20000014   Data           4  main.o(.data)
    Moto2                                    0x20000018   Data           4  main.o(.data)
    Temperature                              0x2000001c   Data           4  main.o(.data)
    Voltage                                  0x20000020   Data           4  main.o(.data)
    Angle_Balance                            0x20000024   Data           4  main.o(.data)
    Gyro_Balance                             0x20000028   Data           4  main.o(.data)
    Gyro_Turn                                0x2000002c   Data           4  main.o(.data)
    Show_Data_Mb                             0x20000030   Data           4  main.o(.data)
    Distance                                 0x20000034   Data           4  main.o(.data)
    delay_50                                 0x20000038   Data           1  main.o(.data)
    delay_flag                               0x20000039   Data           1  main.o(.data)
    Bi_zhang                                 0x2000003a   Data           1  main.o(.data)
    PID_Send                                 0x2000003b   Data           1  main.o(.data)
    Flash_Send                               0x2000003c   Data           1  main.o(.data)
    Acceleration_Z                           0x20000040   Data           4  main.o(.data)
    Balance_Kp                               0x20000044   Data           4  main.o(.data)
    Balance_Kd                               0x20000048   Data           4  main.o(.data)
    Velocity_Kp                              0x2000004c   Data           4  main.o(.data)
    Velocity_Ki                              0x20000050   Data           4  main.o(.data)
    Zhongzhi                                 0x20000054   Data           4  main.o(.data)
    Remoter_Ch1                              0x20000058   Data           4  main.o(.data)
    Remoter_Ch2                              0x2000005c   Data           4  main.o(.data)
    hallDiffCount                            0x20000060   Data           4  main.o(.data)
    targetPulseForTurn                       0x20000064   Data           4  main.o(.data)
    labyrinthCanRunning                      0x20000068   Data           1  main.o(.data)
    hallRightDiff                            0x2000006c   Data           4  main.o(.data)
    hallLeftDiff                             0x20000070   Data           4  main.o(.data)
    tempLeft                                 0x20000074   Data           2  main.o(.data)
    lastLeft                                 0x20000076   Data           2  main.o(.data)
    tempLeftDiff                             0x20000078   Data           2  main.o(.data)
    tempRight                                0x2000007a   Data           2  main.o(.data)
    lastRight                                0x2000007c   Data           2  main.o(.data)
    tempRightDiff                            0x2000007e   Data           2  main.o(.data)
    SystemCoreClock                          0x20000080   Data           4  system_stm32f10x.o(.data)
    AHBPrescTable                            0x20000084   Data          16  system_stm32f10x.o(.data)
    g_temp                                   0x20000094   Data           4  sensor_test.o(.data)
    resistance                               0x20000098   Data           2  sensor_test.o(.data)
    g_check_temperature                      0x2000009c   Data           4  sensor_test.o(.data)
    g_infrared_distance                      0x200000a0   Data           2  sensor_test.o(.data)
    g_distance_adc                           0x200000a2   Data           2  sensor_test.o(.data)
    k1                                       0x200000a4   Data           4  sensor_test.o(.data)
    b1                                       0x200000a8   Data           4  sensor_test.o(.data)
    k2                                       0x200000ac   Data           4  sensor_test.o(.data)
    b2                                       0x200000b0   Data           4  sensor_test.o(.data)
    k3                                       0x200000b4   Data           4  sensor_test.o(.data)
    b3                                       0x200000b8   Data           4  sensor_test.o(.data)
    k4                                       0x200000bc   Data           4  sensor_test.o(.data)
    b4                                       0x200000c0   Data           4  sensor_test.o(.data)
    d                                        0x200000c4   Data           4  sensor_test.o(.data)
    ultrasonicDistance                       0x200000c8   Data           4  sensor_test.o(.data)
    g_piez_value                             0x200000cc   Data           4  sensor_test.o(.data)
    g_piez_temp                              0x200000d0   Data           4  sensor_test.o(.data)
    g_weight_init                            0x200000d4   Data           4  sensor_test.o(.data)
    weight                                   0x200000d8   Data           4  sensor_test.o(.data)
    __stdout                                 0x20000100   Data           4  usart.o(.data)
    g_system_voltage                         0x20000116   Data           2  adc.o(.data)
    TIM3CH3_CAPTURE_STA                      0x20000118   Data           2  timer.o(.data)
    TIM3CH3_CAPTURE_VAL                      0x2000011a   Data           2  timer.o(.data)
    TIM8CH1_CAPTURE_STA                      0x2000011c   Data           1  timer.o(.data)
    TIM8CH1_CAPTURE_UPVAL                    0x2000011e   Data           2  timer.o(.data)
    TIM8CH1_CAPTURE_DOWNVAL                  0x20000120   Data           2  timer.o(.data)
    TIM8CH2_CAPTURE_STA                      0x20000122   Data           1  timer.o(.data)
    TIM8CH2_CAPTURE_UPVAL                    0x20000124   Data           2  timer.o(.data)
    TIM8CH2_CAPTURE_DOWNVAL                  0x20000126   Data           2  timer.o(.data)
    TIM8CH3_CAPTURE_STA                      0x20000128   Data           1  timer.o(.data)
    TIM8CH3_CAPTURE_UPVAL                    0x2000012a   Data           2  timer.o(.data)
    TIM8CH3_CAPTURE_DOWNVAL                  0x2000012c   Data           2  timer.o(.data)
    TIM8CH4_CAPTURE_STA                      0x2000012e   Data           1  timer.o(.data)
    TIM8CH4_CAPTURE_UPVAL                    0x20000130   Data           2  timer.o(.data)
    TIM8CH4_CAPTURE_DOWNVAL                  0x20000132   Data           2  timer.o(.data)
    TIM8_T1                                  0x20000134   Data           4  timer.o(.data)
    TIM8_T2                                  0x20000138   Data           4  timer.o(.data)
    TIM8_T3                                  0x2000013c   Data           4  timer.o(.data)
    TIM8_T4                                  0x20000140   Data           4  timer.o(.data)
    d_module_num                             0x20000144   Data           1  timer.o(.data)
    _delay_count_id                          0x20000145   Data           1  timer.o(.data)
    Usart2_Receive                           0x20000148   Data           1  usartx.o(.data)
    g_bluetooth_flag                         0x20000149   Data           1  usartx.o(.data)
    lastEncoderLeft                          0x20000158   Data           4  control.o(.data)
    lastEncoderRight                         0x2000015c   Data           4  control.o(.data)
    deltaEncoderLeft                         0x20000160   Data           4  control.o(.data)
    deltaEncoderRight                        0x20000164   Data           4  control.o(.data)
    Balance_Pwm                              0x20000168   Data           4  control.o(.data)
    Velocity_Pwm                             0x2000016c   Data           4  control.o(.data)
    Turn_Pwm                                 0x20000170   Data           4  control.o(.data)
    Flag_Target                              0x20000174   Data           1  control.o(.data)
    Flash_R_Count                            0x20000178   Data           4  control.o(.data)
    Voltage_Temp                             0x2000017c   Data           4  control.o(.data)
    Voltage_Count                            0x20000180   Data           4  control.o(.data)
    Voltage_All                              0x20000184   Data           4  control.o(.data)
    static_kp                                0x20000188   Data           4  control.o(.data)
    static_ki                                0x2000018c   Data           4  control.o(.data)
    g_lift_motor_error                       0x20000190   Data           1  control.o(.data)
    g_right_motor_error                      0x20000191   Data           1  control.o(.data)
    K1                                       0x200001f8   Data           4  filter.o(.data)
    angle                                    0x200001fc   Data           4  filter.o(.data)
    angle_dot                                0x20000200   Data           4  filter.o(.data)
    Q_angle                                  0x20000204   Data           4  filter.o(.data)
    Q_gyro                                   0x20000208   Data           4  filter.o(.data)
    R_angle                                  0x2000020c   Data           4  filter.o(.data)
    dt                                       0x20000210   Data           4  filter.o(.data)
    C_0                                      0x20000214   Data           1  filter.o(.data)
    Q_bias                                   0x20000218   Data           4  filter.o(.data)
    Angle_err                                0x2000021c   Data           4  filter.o(.data)
    PCt_0                                    0x20000220   Data           4  filter.o(.data)
    PCt_1                                    0x20000224   Data           4  filter.o(.data)
    E                                        0x20000228   Data           4  filter.o(.data)
    K_0                                      0x2000022c   Data           4  filter.o(.data)
    K_1                                      0x20000230   Data           4  filter.o(.data)
    t_0                                      0x20000234   Data           4  filter.o(.data)
    t_1                                      0x20000238   Data           4  filter.o(.data)
    PP                                       0x2000023c   Data          16  filter.o(.data)
    gyro                                     0x2000024c   Data           6  mpu6050.o(.data)
    accel                                    0x20000252   Data           6  mpu6050.o(.data)
    sensors                                  0x20000258   Data           2  mpu6050.o(.data)
    Pitch                                    0x2000025c   Data           4  mpu6050.o(.data)
    Roll                                     0x20000260   Data           4  mpu6050.o(.data)
    q0                                       0x20000264   Data           4  mpu6050.o(.data)
    q1                                       0x20000268   Data           4  mpu6050.o(.data)
    q2                                       0x2000026c   Data           4  mpu6050.o(.data)
    q3                                       0x20000270   Data           4  mpu6050.o(.data)
    Gx_offset                                0x2000027e   Data           2  mpu6050.o(.data)
    Gy_offset                                0x20000280   Data           2  mpu6050.o(.data)
    Gz_offset                                0x20000282   Data           2  mpu6050.o(.data)
    temp                                     0x20000284   Data           1  mpu6050.o(.data)
    i                                        0x20000288   Data           1  show.o(.data)
    Send_Count                               0x20000289   Data           1  show.o(.data)
    Vol                                      0x2000028c   Data           4  show.o(.data)
    carIsMoving                              0x2000029c   Data           1  labyrinth.o(.data)
    oneDirectDistance                        0x2000029e   Data           2  labyrinth.o(.data)
    otherDirectDistance                      0x200002a0   Data           2  labyrinth.o(.data)
    distanceLatestQueue                      0x200002a4   Data          12  labyrinth.o(.data)
    labCarStatus                             0x200002b0   Data           1  labyrinth.o(.data)
    adc_channel_value                        0x200002b8   Data          12  main.o(.bss)
    adc_filter_v                             0x200002c4   Data          12  main.o(.bss)
    PID_Parameter                            0x200002d0   Data          20  main.o(.bss)
    Flash_Parameter                          0x200002e4   Data          20  main.o(.bss)
    adc_sample_value                         0x200002f8   Data         384  main.o(.bss)
    _adc_info                                0x20000478   Data          40  sensor_test.o(.bss)
    ADC_DataBuf                              0x200004a0   Data          12  sensor_test.o(.bss)
    DMA_InitStructure                        0x200004ac   Data          44  sensor_test.o(.bss)
    Filter_ADValue                           0x200004d8   Data         192  sensor_test.o(.bss)
    g_check_info                             0x20000598   Data         160  check_overload.o(.bss)
    OLED_GRAM                                0x20000638   Data        1024  oled.o(.bss)
    TIM3_ICInitStructure                     0x20000a38   Data          10  timer.o(.bss)
    _timer_info                              0x20000a44   Data         340  timer.o(.bss)
    _delay_module                            0x20000b98   Data          30  timer.o(.bss)
    STMFLASH_BUF                             0x20000bb6   Data        2048  stmflash.o(.bss)
    Receive                                  0x200013b6   Data          50  usartx.o(.bss)
    Pdot                                     0x200013f8   Data          16  filter.o(.bss)
    buffer                                   0x20001408   Data          14  mpu6050.o(.bss)
    MPU6050_FIFO                             0x20001416   Data         132  mpu6050.o(.bss)
    DataScope_OutPut_Buffer                  0x2000149a   Data          42  datascope_dp.o(.bss)
    __initial_sp                             0x200018c8   Data           0  startup_stm32f10x_hd.o(STACK)



==============================================================================

Memory Map of the image

  Image Entry point : 0x08000131

  Load Region LR_IROM1 (Base: 0x08000000, Size: 0x0000ef48, Max: 0x00040000, ABSOLUTE, COMPRESSED[0x0000ed30])

    Execution Region ER_IROM1 (Base: 0x08000000, Size: 0x0000ec90, Max: 0x00040000, ABSOLUTE)

    Base Addr    Size         Type   Attr      Idx    E Section Name        Object

    0x08000000   0x00000130   Data   RO          317    RESET               startup_stm32f10x_hd.o
    0x08000130   0x00000000   Code   RO         1047  * .ARM.Collect$$$$00000000  mc_w.l(entry.o)
    0x08000130   0x00000004   Code   RO         1392    .ARM.Collect$$$$00000001  mc_w.l(entry2.o)
    0x08000134   0x00000004   Code   RO         1395    .ARM.Collect$$$$00000004  mc_w.l(entry5.o)
    0x08000138   0x00000000   Code   RO         1397    .ARM.Collect$$$$00000008  mc_w.l(entry7b.o)
    0x08000138   0x00000000   Code   RO         1399    .ARM.Collect$$$$0000000A  mc_w.l(entry8b.o)
    0x08000138   0x00000008   Code   RO         1400    .ARM.Collect$$$$0000000B  mc_w.l(entry9a.o)
    0x08000140   0x00000000   Code   RO         1402    .ARM.Collect$$$$0000000D  mc_w.l(entry10a.o)
    0x08000140   0x00000000   Code   RO         1404    .ARM.Collect$$$$0000000F  mc_w.l(entry11a.o)
    0x08000140   0x00000004   Code   RO         1393    .ARM.Collect$$$$00002712  mc_w.l(entry2.o)
    0x08000144   0x0000000c   Code   RO          637    .emb_text           sys.o
    0x08000150   0x000002f0   Code   RO            1    .text               main.o
    0x08000440   0x00000018   Code   RO          204    .text               stm32f10x_it.o
    0x08000458   0x000001e0   Code   RO          219    .text               system_stm32f10x.o
    0x08000638   0x000008c6   Code   RO          237    .text               sensor_test.o
    0x08000efe   0x00000002   PAD
    0x08000f00   0x00000720   Code   RO          288    .text               check_overload.o
    0x08001620   0x00000024   Code   RO          318    .text               startup_stm32f10x_hd.o
    0x08001644   0x000000dc   Code   RO          322    .text               misc.o
    0x08001720   0x0000044e   Code   RO          334    .text               stm32f10x_adc.o
    0x08001b6e   0x00000002   PAD
    0x08001b70   0x000000c4   Code   RO          346    .text               stm32f10x_bkp.o
    0x08001c34   0x00000254   Code   RO          418    .text               stm32f10x_dma.o
    0x08001e88   0x0000011c   Code   RO          430    .text               stm32f10x_exti.o
    0x08001fa4   0x0000035c   Code   RO          466    .text               stm32f10x_gpio.o
    0x08002300   0x000000cc   Code   RO          502    .text               stm32f10x_pwr.o
    0x080023cc   0x000003a4   Code   RO          514    .text               stm32f10x_rcc.o
    0x08002770   0x00000e1a   Code   RO          564    .text               stm32f10x_tim.o
    0x0800358a   0x00000002   PAD
    0x0800358c   0x00000408   Code   RO          576    .text               stm32f10x_usart.o
    0x08003994   0x00000154   Code   RO          600    .text               delay.o
    0x08003ae8   0x000000d0   Code   RO          618    .text               usart.o
    0x08003bb8   0x000002bc   Code   RO          638    .text               sys.o
    0x08003e74   0x00000064   Code   RO          653    .text               led.o
    0x08003ed8   0x00000170   Code   RO          666    .text               key.o
    0x08004048   0x0000042e   Code   RO          679    .text               oled.o
    0x08004476   0x00000002   PAD
    0x08004478   0x000000f4   Code   RO          698    .text               adc.o
    0x0800456c   0x00000840   Code   RO          713    .text               timer.o
    0x08004dac   0x000000fc   Code   RO          729    .text               motor.o
    0x08004ea8   0x000001b4   Code   RO          741    .text               encoder.o
    0x0800505c   0x00000526   Code   RO          753    .text               ioi2c.o
    0x08005582   0x00000002   PAD
    0x08005584   0x0000006c   Code   RO          765    .text               exti.o
    0x080055f0   0x00000368   Code   RO          777    .text               stmflash.o
    0x08005958   0x000004ec   Code   RO          792    .text               usartx.o
    0x08005e44   0x000006c4   Code   RO          841    .text               can.o
    0x08006508   0x00000eb4   Code   RO          853    .text               control.o
    0x080073bc   0x00001e90   Code   RO          881    .text               inv_mpu.o
    0x0800924c   0x00000d70   Code   RO          905    .text               inv_mpu_dmp_motion_driver.o
    0x08009fbc   0x00000308   Code   RO          920    .text               filter.o
    0x0800a2c4   0x00000844   Code   RO          939    .text               mpu6050.o
    0x0800ab08   0x00000414   Code   RO          967    .text               show.o
    0x0800af1c   0x00000154   Code   RO          982    .text               datascope_dp.o
    0x0800b070   0x000003f4   Code   RO         1000    .text               labyrinth.o
    0x0800b464   0x00000062   Code   RO         1050    .text               mc_w.l(ldiv.o)
    0x0800b4c6   0x00000024   Code   RO         1052    .text               mc_w.l(memseta.o)
    0x0800b4ea   0x0000001a   Code   RO         1054    .text               mc_w.l(memcmp.o)
    0x0800b504   0x000000b0   Code   RO         1317    .text               mf_w.l(fadd.o)
    0x0800b5b4   0x00000064   Code   RO         1319    .text               mf_w.l(fmul.o)
    0x0800b618   0x0000007c   Code   RO         1321    .text               mf_w.l(fdiv.o)
    0x0800b694   0x0000014e   Code   RO         1323    .text               mf_w.l(dadd.o)
    0x0800b7e2   0x000000e4   Code   RO         1325    .text               mf_w.l(dmul.o)
    0x0800b8c6   0x000000de   Code   RO         1327    .text               mf_w.l(ddiv.o)
    0x0800b9a4   0x00000012   Code   RO         1329    .text               mf_w.l(fflti.o)
    0x0800b9b6   0x0000000a   Code   RO         1331    .text               mf_w.l(ffltui.o)
    0x0800b9c0   0x00000022   Code   RO         1333    .text               mf_w.l(dflti.o)
    0x0800b9e2   0x0000001a   Code   RO         1335    .text               mf_w.l(dfltui.o)
    0x0800b9fc   0x00000032   Code   RO         1337    .text               mf_w.l(ffixi.o)
    0x0800ba2e   0x00000028   Code   RO         1339    .text               mf_w.l(ffixui.o)
    0x0800ba56   0x0000003e   Code   RO         1341    .text               mf_w.l(dfixi.o)
    0x0800ba94   0x00000032   Code   RO         1343    .text               mf_w.l(dfixui.o)
    0x0800bac6   0x00000026   Code   RO         1345    .text               mf_w.l(f2d.o)
    0x0800baec   0x00000030   Code   RO         1347    .text               mf_w.l(cdcmple.o)
    0x0800bb1c   0x00000038   Code   RO         1349    .text               mf_w.l(d2f.o)
    0x0800bb54   0x00000014   Code   RO         1351    .text               mf_w.l(cfcmple.o)
    0x0800bb68   0x00000014   Code   RO         1353    .text               mf_w.l(cfrcmple.o)
    0x0800bb7c   0x0000002c   Code   RO         1406    .text               mc_w.l(uidiv.o)
    0x0800bba8   0x00000062   Code   RO         1408    .text               mc_w.l(uldiv.o)
    0x0800bc0a   0x0000001e   Code   RO         1410    .text               mc_w.l(llshl.o)
    0x0800bc28   0x00000020   Code   RO         1412    .text               mc_w.l(llushr.o)
    0x0800bc48   0x00000024   Code   RO         1414    .text               mc_w.l(llsshr.o)
    0x0800bc6c   0x00000000   Code   RO         1423    .text               mc_w.l(iusefp.o)
    0x0800bc6c   0x0000006e   Code   RO         1424    .text               mf_w.l(fepilogue.o)
    0x0800bcda   0x000000ba   Code   RO         1426    .text               mf_w.l(depilogue.o)
    0x0800bd94   0x0000002e   Code   RO         1428    .text               mf_w.l(dscalb.o)
    0x0800bdc2   0x00000002   PAD
    0x0800bdc4   0x00000030   Code   RO         1432    .text               mf_w.l(cdrcmple.o)
    0x0800bdf4   0x00000024   Code   RO         1434    .text               mc_w.l(init.o)
    0x0800be18   0x000000a2   Code   RO         1436    .text               mf_w.l(dsqrt.o)
    0x0800beba   0x00000056   Code   RO         1446    .text               mc_w.l(__dczerorl2.o)
    0x0800bf10   0x00000020   Code   RO         1101    i.__0printf$1       mc_w.l(printf1.o)
    0x0800bf30   0x00000028   Code   RO         1379    i.__ARM_fpclassify  m_ws.l(fpclassify.o)
    0x0800bf58   0x000000aa   Code   RO         1381    i.__kernel_poly     m_ws.l(poly.o)
    0x0800c002   0x00000002   PAD
    0x0800c004   0x00000010   Code   RO         1365    i.__mathlib_dbl_divzero  m_ws.l(dunder.o)
    0x0800c014   0x00000006   Code   RO         1366    i.__mathlib_dbl_infnan  m_ws.l(dunder.o)
    0x0800c01a   0x00000004   Code   RO         1367    i.__mathlib_dbl_infnan2  m_ws.l(dunder.o)
    0x0800c01e   0x0000000c   Code   RO         1368    i.__mathlib_dbl_invalid  m_ws.l(dunder.o)
    0x0800c02a   0x0000000e   Code   RO         1369    i.__mathlib_dbl_overflow  m_ws.l(dunder.o)
    0x0800c038   0x00000010   Code   RO         1371    i.__mathlib_dbl_underflow  m_ws.l(dunder.o)
    0x0800c048   0x0000000e   Code   RO         1440    i.__scatterload_copy  mc_w.l(handlers.o)
    0x0800c056   0x00000002   Code   RO         1441    i.__scatterload_null  mc_w.l(handlers.o)
    0x0800c058   0x0000000e   Code   RO         1442    i.__scatterload_zeroinit  mc_w.l(handlers.o)
    0x0800c066   0x00000002   PAD
    0x0800c068   0x0000000c   Code   RO         1418    i.__set_errno       mc_w.l(errno.o)
    0x0800c074   0x00000154   Code   RO         1108    i._printf_core      mc_w.l(printf1.o)
    0x0800c1c8   0x00000270   Code   RO         1020    i.asin              m_ws.l(asin.o)
    0x0800c438   0x00000220   Code   RO         1356    i.atan              m_ws.l(atan.o)
    0x0800c658   0x00000180   Code   RO         1030    i.atan2             m_ws.l(atan2.o)
    0x0800c7d8   0x000009b8   Code   RO         1038    i.pow               m_ws.l(pow.o)
    0x0800d190   0x0000004c   Code   RO         1385    i.sqrt              m_ws.l(sqrt.o)
    0x0800d1dc   0x00000220   Data   RO          239    .constdata          sensor_test.o
    0x0800d3fc   0x00000a64   Data   RO          681    .constdata          oled.o
    0x0800de60   0x00000050   Data   RO          882    .constdata          inv_mpu.o
    0x0800deb0   0x00000bf6   Data   RO          907    .constdata          inv_mpu_dmp_motion_driver.o
    0x0800eaa6   0x00000002   PAD
    0x0800eaa8   0x00000050   Data   RO         1021    .constdata          m_ws.l(asin.o)
    0x0800eaf8   0x00000088   Data   RO         1039    .constdata          m_ws.l(pow.o)
    0x0800eb80   0x00000098   Data   RO         1357    .constdata          m_ws.l(atan.o)
    0x0800ec18   0x00000008   Data   RO         1383    .constdata          m_ws.l(qnan.o)
    0x0800ec20   0x0000004e   Data   RO          883    .conststring        inv_mpu.o
    0x0800ec6e   0x00000002   PAD
    0x0800ec70   0x00000020   Data   RO         1438    Region$$Table       anon$$obj.o


    Execution Region RW_IRAM1 (Base: 0x20000000, Size: 0x000018c8, Max: 0x0000c000, ABSOLUTE, COMPRESSED[0x000000a0])

    Base Addr    Size         Type   Attr      Idx    E Section Name        Object

    0x20000000   0x00000080   Data   RW            3    .data               main.o
    0x20000080   0x00000014   Data   RW          220    .data               system_stm32f10x.o
    0x20000094   0x0000004a   Data   RW          240    .data               sensor_test.o
    0x200000de   0x00000003   Data   RW          290    .data               check_overload.o
    0x200000e1   0x00000014   Data   RW          515    .data               stm32f10x_rcc.o
    0x200000f5   0x00000003   PAD
    0x200000f8   0x00000008   Data   RW          601    .data               delay.o
    0x20000100   0x00000004   Data   RW          619    .data               usart.o
    0x20000104   0x00000004   Data   RW          654    .data               led.o
    0x20000108   0x0000000e   Data   RW          667    .data               key.o
    0x20000116   0x00000002   Data   RW          699    .data               adc.o
    0x20000118   0x0000002e   Data   RW          715    .data               timer.o
    0x20000146   0x00000002   PAD
    0x20000148   0x00000010   Data   RW          794    .data               usartx.o
    0x20000158   0x00000074   Data   RW          854    .data               control.o
    0x200001cc   0x0000002c   Data   RW          884    .data               inv_mpu.o
    0x200001f8   0x00000054   Data   RW          922    .data               filter.o
    0x2000024c   0x00000039   Data   RW          941    .data               mpu6050.o
    0x20000285   0x00000003   PAD
    0x20000288   0x00000009   Data   RW          968    .data               show.o
    0x20000291   0x00000003   PAD
    0x20000294   0x0000001d   Data   RW         1001    .data               labyrinth.o
    0x200002b1   0x00000003   PAD
    0x200002b4   0x00000004   Data   RW         1419    .data               mc_w.l(errno.o)
    0x200002b8   0x000001c0   Zero   RW            2    .bss                main.o
    0x20000478   0x00000120   Zero   RW          238    .bss                sensor_test.o
    0x20000598   0x000000a0   Zero   RW          289    .bss                check_overload.o
    0x20000638   0x00000400   Zero   RW          680    .bss                oled.o
    0x20000a38   0x0000017e   Zero   RW          714    .bss                timer.o
    0x20000bb6   0x00000800   Zero   RW          778    .bss                stmflash.o
    0x200013b6   0x00000032   Zero   RW          793    .bss                usartx.o
    0x200013e8   0x00000010   Zero   RW          906    .bss                inv_mpu_dmp_motion_driver.o
    0x200013f8   0x00000010   Zero   RW          921    .bss                filter.o
    0x20001408   0x00000092   Zero   RW          940    .bss                mpu6050.o
    0x2000149a   0x0000002a   Zero   RW          983    .bss                datascope_dp.o
    0x200014c4   0x00000004   PAD
    0x200014c8   0x00000400   Zero   RW          315    STACK               startup_stm32f10x_hd.o


==============================================================================

Image component sizes


      Code (inc. data)   RO Data    RW Data    ZI Data      Debug   Object Name

       244         30          0          2          0       1351   adc.o
      1732         52          0          0          0       4901   can.o
      1824         44          0          3        160       3391   check_overload.o
      3764        508          0        116          0       6252   control.o
         0          0          0          0          0         32   core_cm3.o
       340         30          0          0         42       1942   datascope_dp.o
       340         38          0          8          0      16649   delay.o
       436         16          0          0          0       1527   encoder.o
       108          6          0          0          0        608   exti.o
       776         86          0         84         16       1864   filter.o
      7824        172        158         44          0      20839   inv_mpu.o
      3440        126       3062          0         16      14703   inv_mpu_dmp_motion_driver.o
      1318         12          0          0          0       5434   ioi2c.o
       368         42          0         14          0       1443   key.o
      1012        104          0         29          0       3505   labyrinth.o
       100         18          0          4          0        701   led.o
       752         46          0        128        448     268029   main.o
       220         22          0          0          0       1753   misc.o
       252         12          0          0          0        946   motor.o
      2116        454          0         57        146      20687   mpu6050.o
      1070         24       2660          0       1024       4439   oled.o
      2246        160        544         74        288     222107   sensor_test.o
      1044        222          0          9          0       1374   show.o
        36          8        304          0       1024        792   startup_stm32f10x_hd.o
      1102         26          0          0          0      10785   stm32f10x_adc.o
       196          8          0          0          0       3412   stm32f10x_bkp.o
       596          8          0          0          0       4278   stm32f10x_dma.o
       284         10          0          0          0       2183   stm32f10x_exti.o
       860         38          0          0          0       5597   stm32f10x_gpio.o
        24          0          0          0          0       1062   stm32f10x_it.o
       204         14          0          0          0       1895   stm32f10x_pwr.o
       932         36          0         20          0       8740   stm32f10x_rcc.o
      3610         88          0          0          0      22080   stm32f10x_tim.o
      1032         22          0          0          0       8320   stm32f10x_usart.o
       872         70          0          0       2048       4098   stmflash.o
       712         44          0          0          0       2711   sys.o
       480         38          0         20          0       1667   system_stm32f10x.o
      2112        120          0         46        382       7238   timer.o
       208         18          0          4          0       2738   usart.o
      1260        154          0         16         50       2325   usartx.o

    ----------------------------------------------------------------------
     45856       2926       6764        692       5648     694398   Object Totals
         0          0         32          0          0          0   (incl. Generated)
        10          0          4         14          4          0   (incl. Padding)

    ----------------------------------------------------------------------

      Code (inc. data)   RO Data    RW Data    ZI Data      Debug   Library Member Name

       624         52         80          0          0        168   asin.o
       544         70        152          0          0        124   atan.o
       384         38          0          0          0        144   atan2.o
        68         10          0          0          0        408   dunder.o
        40          0          0          0          0         68   fpclassify.o
       170          0          0          0          0         96   poly.o
      2488        190        136          0          0        300   pow.o
         0          0          8          0          0          0   qnan.o
        76          0          0          0          0         84   sqrt.o
        86          0          0          0          0          0   __dczerorl2.o
         0          0          0          0          0          0   entry.o
         0          0          0          0          0          0   entry10a.o
         0          0          0          0          0          0   entry11a.o
         8          4          0          0          0          0   entry2.o
         4          0          0          0          0          0   entry5.o
         0          0          0          0          0          0   entry7b.o
         0          0          0          0          0          0   entry8b.o
         8          4          0          0          0          0   entry9a.o
        12          6          0          4          0         68   errno.o
        30          0          0          0          0          0   handlers.o
        36          8          0          0          0         68   init.o
         0          0          0          0          0          0   iusefp.o
        98          0          0          0          0         84   ldiv.o
        30          0          0          0          0         68   llshl.o
        36          0          0          0          0         68   llsshr.o
        32          0          0          0          0         68   llushr.o
        26          0          0          0          0         80   memcmp.o
        36          0          0          0          0        108   memseta.o
       372         14          0          0          0        184   printf1.o
        44          0          0          0          0         80   uidiv.o
        98          0          0          0          0         92   uldiv.o
        48          0          0          0          0         68   cdcmple.o
        48          0          0          0          0         68   cdrcmple.o
        20          0          0          0          0         68   cfcmple.o
        20          0          0          0          0         68   cfrcmple.o
        56          0          0          0          0         88   d2f.o
       334          0          0          0          0        148   dadd.o
       222          0          0          0          0        100   ddiv.o
       186          0          0          0          0        176   depilogue.o
        62          0          0          0          0         80   dfixi.o
        50          0          0          0          0         76   dfixui.o
        34          0          0          0          0         76   dflti.o
        26          0          0          0          0         76   dfltui.o
       228          0          0          0          0         96   dmul.o
        46          0          0          0          0         80   dscalb.o
       162          0          0          0          0        100   dsqrt.o
        38          0          0          0          0         68   f2d.o
       176          0          0          0          0        140   fadd.o
       124          0          0          0          0         88   fdiv.o
       110          0          0          0          0        168   fepilogue.o
        50          0          0          0          0         68   ffixi.o
        40          0          0          0          0         68   ffixui.o
        18          0          0          0          0         68   fflti.o
        10          0          0          0          0         68   ffltui.o
       100          0          0          0          0         76   fmul.o

    ----------------------------------------------------------------------
      7564        396        376          4          0       4540   Library Totals
         6          0          0          0          0          0   (incl. Padding)

    ----------------------------------------------------------------------

      Code (inc. data)   RO Data    RW Data    ZI Data      Debug   Library Name

      4394        360        376          0          0       1392   m_ws.l
       956         36          0          4          0        968   mc_w.l
      2208          0          0          0          0       2180   mf_w.l

    ----------------------------------------------------------------------
      7564        396        376          4          0       4540   Library Totals

    ----------------------------------------------------------------------

==============================================================================


      Code (inc. data)   RO Data    RW Data    ZI Data      Debug   

     53420       3322       7140        696       5648     692514   Grand Totals
     53420       3322       7140        160       5648     692514   ELF Image Totals (compressed)
     53420       3322       7140        160          0          0   ROM Totals

==============================================================================

    Total RO  Size (Code + RO Data)                60560 (  59.14kB)
    Total RW  Size (RW Data + ZI Data)              6344 (   6.20kB)
    Total ROM Size (Code + RO Data + RW Data)      60720 (  59.30kB)

==============================================================================

